Archive member included to satisfy reference by file (symbol)

/opt/st/stm32cubeide_1.8.0/plugins/com.st.stm32cube.ide.mcu.externaltools.gnu-tools-for-stm32.9-2020-q2-update.linux64_2.0.0.202105311346/tools/bin/../lib/gcc/arm-none-eabi/9.3.1/../../../../arm-none-eabi/lib/thumb/v7e-m/nofp/libstdc++_nano.a(del_op.o)
                              ./Src/main.o (operator delete(void*))
/opt/st/stm32cubeide_1.8.0/plugins/com.st.stm32cube.ide.mcu.externaltools.gnu-tools-for-stm32.9-2020-q2-update.linux64_2.0.0.202105311346/tools/bin/../lib/gcc/arm-none-eabi/9.3.1/../../../../arm-none-eabi/lib/thumb/v7e-m/nofp/libstdc++_nano.a(new_op.o)
                              ./Src/main.o (operator new(unsigned int))
/opt/st/stm32cubeide_1.8.0/plugins/com.st.stm32cube.ide.mcu.externaltools.gnu-tools-for-stm32.9-2020-q2-update.linux64_2.0.0.202105311346/tools/bin/../lib/gcc/arm-none-eabi/9.3.1/../../../../arm-none-eabi/lib/thumb/v7e-m/nofp/libstdc++_nano.a(functexcept.o)
                              ./Src/main.o (std::__throw_bad_alloc())
/opt/st/stm32cubeide_1.8.0/plugins/com.st.stm32cube.ide.mcu.externaltools.gnu-tools-for-stm32.9-2020-q2-update.linux64_2.0.0.202105311346/tools/bin/../lib/gcc/arm-none-eabi/9.3.1/../../../../arm-none-eabi/lib/thumb/v7e-m/nofp/libstdc++_nano.a(snprintf_lite.o)
                              /opt/st/stm32cubeide_1.8.0/plugins/com.st.stm32cube.ide.mcu.externaltools.gnu-tools-for-stm32.9-2020-q2-update.linux64_2.0.0.202105311346/tools/bin/../lib/gcc/arm-none-eabi/9.3.1/../../../../arm-none-eabi/lib/thumb/v7e-m/nofp/libstdc++_nano.a(functexcept.o) (__gnu_cxx::__snprintf_lite(char*, unsigned int, char const*, std::__va_list))
/opt/st/stm32cubeide_1.8.0/plugins/com.st.stm32cube.ide.mcu.externaltools.gnu-tools-for-stm32.9-2020-q2-update.linux64_2.0.0.202105311346/tools/bin/../lib/gcc/arm-none-eabi/9.3.1/../../../../arm-none-eabi/lib/thumb/v7e-m/nofp/libstdc++_nano.a(new_handler.o)
                              /opt/st/stm32cubeide_1.8.0/plugins/com.st.stm32cube.ide.mcu.externaltools.gnu-tools-for-stm32.9-2020-q2-update.linux64_2.0.0.202105311346/tools/bin/../lib/gcc/arm-none-eabi/9.3.1/../../../../arm-none-eabi/lib/thumb/v7e-m/nofp/libstdc++_nano.a(new_op.o) (std::get_new_handler())
/opt/st/stm32cubeide_1.8.0/plugins/com.st.stm32cube.ide.mcu.externaltools.gnu-tools-for-stm32.9-2020-q2-update.linux64_2.0.0.202105311346/tools/bin/../lib/gcc/arm-none-eabi/9.3.1/../../../../arm-none-eabi/lib/thumb/v7e-m/nofp/libc_nano.a(lib_a-abort.o)
                              /opt/st/stm32cubeide_1.8.0/plugins/com.st.stm32cube.ide.mcu.externaltools.gnu-tools-for-stm32.9-2020-q2-update.linux64_2.0.0.202105311346/tools/bin/../lib/gcc/arm-none-eabi/9.3.1/../../../../arm-none-eabi/lib/thumb/v7e-m/nofp/libstdc++_nano.a(new_op.o) (abort)
/opt/st/stm32cubeide_1.8.0/plugins/com.st.stm32cube.ide.mcu.externaltools.gnu-tools-for-stm32.9-2020-q2-update.linux64_2.0.0.202105311346/tools/bin/../lib/gcc/arm-none-eabi/9.3.1/../../../../arm-none-eabi/lib/thumb/v7e-m/nofp/libc_nano.a(lib_a-errno.o)
                              ./Src/syscalls.o (__errno)
/opt/st/stm32cubeide_1.8.0/plugins/com.st.stm32cube.ide.mcu.externaltools.gnu-tools-for-stm32.9-2020-q2-update.linux64_2.0.0.202105311346/tools/bin/../lib/gcc/arm-none-eabi/9.3.1/../../../../arm-none-eabi/lib/thumb/v7e-m/nofp/libc_nano.a(lib_a-exit.o)
                              /opt/st/stm32cubeide_1.8.0/plugins/com.st.stm32cube.ide.mcu.externaltools.gnu-tools-for-stm32.9-2020-q2-update.linux64_2.0.0.202105311346/tools/bin/../lib/gcc/arm-none-eabi/9.3.1/../../../../arm-none-eabi/lib/thumb/v7e-m/nofp/crt0.o (exit)
/opt/st/stm32cubeide_1.8.0/plugins/com.st.stm32cube.ide.mcu.externaltools.gnu-tools-for-stm32.9-2020-q2-update.linux64_2.0.0.202105311346/tools/bin/../lib/gcc/arm-none-eabi/9.3.1/../../../../arm-none-eabi/lib/thumb/v7e-m/nofp/libc_nano.a(lib_a-impure.o)
                              /opt/st/stm32cubeide_1.8.0/plugins/com.st.stm32cube.ide.mcu.externaltools.gnu-tools-for-stm32.9-2020-q2-update.linux64_2.0.0.202105311346/tools/bin/../lib/gcc/arm-none-eabi/9.3.1/../../../../arm-none-eabi/lib/thumb/v7e-m/nofp/libc_nano.a(lib_a-exit.o) (_global_impure_ptr)
/opt/st/stm32cubeide_1.8.0/plugins/com.st.stm32cube.ide.mcu.externaltools.gnu-tools-for-stm32.9-2020-q2-update.linux64_2.0.0.202105311346/tools/bin/../lib/gcc/arm-none-eabi/9.3.1/../../../../arm-none-eabi/lib/thumb/v7e-m/nofp/libc_nano.a(lib_a-init.o)
                              /opt/st/stm32cubeide_1.8.0/plugins/com.st.stm32cube.ide.mcu.externaltools.gnu-tools-for-stm32.9-2020-q2-update.linux64_2.0.0.202105311346/tools/bin/../lib/gcc/arm-none-eabi/9.3.1/../../../../arm-none-eabi/lib/thumb/v7e-m/nofp/crt0.o (__libc_init_array)
/opt/st/stm32cubeide_1.8.0/plugins/com.st.stm32cube.ide.mcu.externaltools.gnu-tools-for-stm32.9-2020-q2-update.linux64_2.0.0.202105311346/tools/bin/../lib/gcc/arm-none-eabi/9.3.1/../../../../arm-none-eabi/lib/thumb/v7e-m/nofp/libc_nano.a(lib_a-malloc.o)
[...]
Memory Configuration

Name             Origin             Length             Attributes
CCMRAM           0x0000000010000000 0x0000000000010000 xrw
RAM              0x0000000020000000 0x0000000000020000 xrw
FLASH            0x0000000008000000 0x0000000000100000 xr
*default*        0x0000000000000000 0xffffffffffffffff

Linker script and memory map

LOAD /opt/st/stm32cubeide_1.8.0/plugins/com.st.stm32cube.ide.mcu.externaltools.gnu-tools-for-stm32.9-2020-q2-update.linux64_2.0.0.202105311346/tools/bin/../lib/gcc/arm-none-eabi/9.3.1/thumb/v7e-m/nofp/crti.o
LOAD /opt/st/stm32cubeide_1.8.0/plugins/com.st.stm32cube.ide.mcu.externaltools.gnu-tools-for-stm32.9-2020-q2-update.linux64_2.0.0.202105311346/tools/bin/../lib/gcc/arm-none-eabi/9.3.1/thumb/v7e-m/nofp/crtbegin.o
LOAD /opt/st/stm32cubeide_1.8.0/plugins/com.st.stm32cube.ide.mcu.externaltools.gnu-tools-for-stm32.9-2020-q2-update.linux64_2.0.0.202105311346/tools/bin/../lib/gcc/arm-none-eabi/9.3.1/../../../../arm-none-eabi/lib/thumb/v7e-m/nofp/crt0.o
LOAD ./Src/faults.o
LOAD ./Src/handler.o
LOAD ./Src/main.o
LOAD ./Src/scb.o
LOAD ./Src/syscalls.o
LOAD ./Src/sysmem.o
LOAD ./Src/systick.o
LOAD ./Startup/startup_stm32f407vgtx.o
START GROUP
LOAD /opt/st/stm32cubeide_1.8.0/plugins/com.st.stm32cube.ide.mcu.externaltools.gnu-tools-for-stm32.9-2020-q2-update.linux64_2.0.0.202105311346/tools/bin/../lib/gcc/arm-none-eabi/9.3.1/../../../../arm-none-eabi/lib/thumb/v7e-m/nofp/libstdc++_nano.a
LOAD /opt/st/stm32cubeide_1.8.0/plugins/com.st.stm32cube.ide.mcu.externaltools.gnu-tools-for-stm32.9-2020-q2-update.linux64_2.0.0.202105311346/tools/bin/../lib/gcc/arm-none-eabi/9.3.1/../../../../arm-none-eabi/lib/thumb/v7e-m/nofp/libsupc++_nano.a
END GROUP
LOAD /opt/st/stm32cubeide_1.8.0/plugins/com.st.stm32cube.ide.mcu.externaltools.gnu-tools-for-stm32.9-2020-q2-update.linux64_2.0.0.202105311346/tools/bin/../lib/gcc/arm-none-eabi/9.3.1/../../../../arm-none-eabi/lib/thumb/v7e-m/nofp/libstdc++_nano.a
LOAD /opt/st/stm32cubeide_1.8.0/plugins/com.st.stm32cube.ide.mcu.externaltools.gnu-tools-for-stm32.9-2020-q2-update.linux64_2.0.0.202105311346/tools/bin/../lib/gcc/arm-none-eabi/9.3.1/../../../../arm-none-eabi/lib/thumb/v7e-m/nofp/libm.a
LOAD /opt/st/stm32cubeide_1.8.0/plugins/com.st.stm32cube.ide.mcu.externaltools.gnu-tools-for-stm32.9-2020-q2-update.linux64_2.0.0.202105311346/tools/bin/../lib/gcc/arm-none-eabi/9.3.1/../../../../arm-none-eabi/lib/thumb/v7e-m/nofp/libc_nano.a
START GROUP
LOAD /opt/st/stm32cubeide_1.8.0/plugins/com.st.stm32cube.ide.mcu.externaltools.gnu-tools-for-stm32.9-2020-q2-update.linux64_2.0.0.202105311346/tools/bin/../lib/gcc/arm-none-eabi/9.3.1/thumb/v7e-m/nofp/libgcc.a
LOAD /opt/st/stm32cubeide_1.8.0/plugins/com.st.stm32cube.ide.mcu.externaltools.gnu-tools-for-stm32.9-2020-q2-update.linux64_2.0.0.202105311346/tools/bin/../lib/gcc/arm-none-eabi/9.3.1/../../../../arm-none-eabi/lib/thumb/v7e-m/nofp/libc_nano.a
END GROUP
START GROUP
LOAD /opt/st/stm32cubeide_1.8.0/plugins/com.st.stm32cube.ide.mcu.externaltools.gnu-tools-for-stm32.9-2020-q2-update.linux64_2.0.0.202105311346/tools/bin/../lib/gcc/arm-none-eabi/9.3.1/thumb/v7e-m/nofp/libgcc.a
LOAD /opt/st/stm32cubeide_1.8.0/plugins/com.st.stm32cube.ide.mcu.externaltools.gnu-tools-for-stm32.9-2020-q2-update.linux64_2.0.0.202105311346/tools/bin/../lib/gcc/arm-none-eabi/9.3.1/../../../../arm-none-eabi/lib/thumb/v7e-m/nofp/libc_nano.a
LOAD /opt/st/stm32cubeide_1.8.0/plugins/com.st.stm32cube.ide.mcu.externaltools.gnu-tools-for-stm32.9-2020-q2-update.linux64_2.0.0.202105311346/tools/bin/../lib/gcc/arm-none-eabi/9.3.1/../../../../arm-none-eabi/lib/thumb/v7e-m/nofp/libnosys.a
END GROUP
START GROUP
LOAD /opt/st/stm32cubeide_1.8.0/plugins/com.st.stm32cube.ide.mcu.externaltools.gnu-tools-for-stm32.9-2020-q2-update.linux64_2.0.0.202105311346/tools/bin/../lib/gcc/arm-none-eabi/9.3.1/thumb/v7e-m/nofp/libgcc.a
LOAD /opt/st/stm32cubeide_1.8.0/plugins/com.st.stm32cube.ide.mcu.externaltools.gnu-tools-for-stm32.9-2020-q2-update.linux64_2.0.0.202105311346/tools/bin/../lib/gcc/arm-none-eabi/9.3.1/../../../../arm-none-eabi/lib/thumb/v7e-m/nofp/libc_nano.a
LOAD /opt/st/stm32cubeide_1.8.0/plugins/com.st.stm32cube.ide.mcu.externaltools.gnu-tools-for-stm32.9-2020-q2-update.linux64_2.0.0.202105311346/tools/bin/../lib/gcc/arm-none-eabi/9.3.1/../../../../arm-none-eabi/lib/thumb/v7e-m/nofp/libnosys.a
END GROUP
LOAD /opt/st/stm32cubeide_1.8.0/plugins/com.st.stm32cube.ide.mcu.externaltools.gnu-tools-for-stm32.9-2020-q2-update.linux64_2.0.0.202105311346/tools/bin/../lib/gcc/arm-none-eabi/9.3.1/thumb/v7e-m/nofp/crtend.o
LOAD /opt/st/stm32cubeide_1.8.0/plugins/com.st.stm32cube.ide.mcu.externaltools.gnu-tools-for-stm32.9-2020-q2-update.linux64_2.0.0.202105311346/tools/bin/../lib/gcc/arm-none-eabi/9.3.1/thumb/v7e-m/nofp/crtn.o
                0x0000000020020000                _estack = (ORIGIN (RAM) + LENGTH (RAM))
                0x0000000000000200                _Min_Heap_Size = 0x200
                0x0000000000000400                _Min_Stack_Size = 0x400

.isr_vector     0x0000000008000000      0x1a8
                0x0000000008000000                . = ALIGN (0x4)
 *(.isr_vector)
 .isr_vector    0x0000000008000000      0x1a8 ./Startup/startup_stm32f407vgtx.o
                0x0000000008000000                g_pfnVectors
                0x00000000080001a8                . = ALIGN (0x4)

.text           0x00000000080001b0     0x22d0
                0x00000000080001b0                . = ALIGN (0x4)
 *(.text)
 .text          0x00000000080001b0       0x40 /opt/st/stm32cubeide_1.8.0/plugins/com.st.stm32cube.ide.mcu.externaltools.gnu-tools-for-stm32.9-2020-q2-update.linux64_2.0.0.202105311346/tools/bin/../lib/gcc/arm-none-eabi/9.3.1/thumb/v7e-m/nofp/crtbegin.o
 .text          0x00000000080001f0       0xa0 /opt/st/stm32cubeide_1.8.0/plugins/com.st.stm32cube.ide.mcu.externaltools.gnu-tools-for-stm32.9-2020-q2-update.linux64_2.0.0.202105311346/tools/bin/../lib/gcc/arm-none-eabi/9.3.1/../../../../arm-none-eabi/lib/thumb/v7e-m/nofp/libc_nano.a(lib_a-memchr.o)
                0x00000000080001f0                memchr
 *(.text*)
 .text.HardFault_Handler
                0x0000000008000290       0x10 ./Src/faults.o
                0x0000000008000290                HardFault_Handler
 .text.MemManage_Handler
                0x00000000080002a0       0x10 ./Src/faults.o
                0x00000000080002a0                MemManage_Handler
 .text.BusFault_Handler
                0x00000000080002b0       0x10 ./Src/faults.o
                0x00000000080002b0                BusFault_Handler
 .text.UsageFault_Handler
                0x00000000080002c0       0x10 ./Src/faults.o
                0x00000000080002c0                UsageFault_Handler
 .text.SysTick_Handler
                0x00000000080002d0        0x6 ./Src/handler.o
                0x00000000080002d0                SysTick_Handler
 *fill*         0x00000000080002d6        0x2 
 .text.Systick_Handler_C
                0x00000000080002d8       0x34 ./Src/handler.o
                0x00000000080002d8                Systick_Handler_C
 .text._ZnwjPv  0x000000000800030c       0x16 ./Src/main.o
                0x000000000800030c                operator new(unsigned int, void*)
 .text._ZSt16__deque_buf_sizej
                0x0000000008000322       0x28 ./Src/main.o
                0x0000000008000322                std::__deque_buf_size(unsigned int)
 *fill*         0x000000000800034a        0x2 
 .text._ZZ4mainENKUlcE_clEc
                0x000000000800034c       0x24 ./Src/main.o
 .text.main     0x0000000008000370       0xcc ./Src/main.o
                0x0000000008000370                main
 .text._ZNSt5arrayIcLj5EE5beginEv
                0x000000000800043c       0x18 ./Src/main.o
                0x000000000800043c                std::array<char, 5u>::begin()
 .text._ZNSt5arrayIcLj5EE3endEv
                0x0000000008000454       0x1a ./Src/main.o
                0x0000000008000454                std::array<char, 5u>::end()
 .text._ZSt8for_eachIPcZ4mainEUlcE_ET0_T_S3_S2_
                0x000000000800046e       0x34 ./Src/main.o
 .text._ZNSt5stackIiSt5dequeIiSaIiEEEC2IS2_vEEv
                0x00000000080004a2       0x1a ./Src/main.o
                0x00000000080004a2                std::stack<int, std::deque<int, std::allocator<int> > >::stack<std::deque<int, std::allocator<int> >, void>()
                0x00000000080004a2                std::stack<int, std::deque<int, std::allocator<int> > >::stack<std::deque<int, std::allocator<int> >, void>()
 .text._ZNSt5stackIiSt5dequeIiSaIiEEE4pushEOi
                0x00000000080004bc       0x24 ./Src/main.o
                0x00000000080004bc                std::stack<int, std::deque<int, std::allocator<int> > >::push(int&&)
 .text._ZNSt5stackIiSt5dequeIiSaIiEEE3topEv
                0x00000000080004e0       0x1a ./Src/main.o
                0x00000000080004e0                std::stack<int, std::deque<int, std::allocator<int> > >::top()
 .text._ZNSt5arrayIcLj5EE4dataEv
                0x00000000080004fa       0x1a ./Src/main.o
                0x00000000080004fa                std::array<char, 5u>::data()
 .text._ZNSt5dequeIiSaIiEEC2Ev
                0x0000000008000514       0x1a ./Src/main.o
                0x0000000008000514                std::deque<int, std::allocator<int> >::deque()
                0x0000000008000514                std::deque<int, std::allocator<int> >::deque()
 .text._ZNSt5dequeIiSaIiEE3endEv
                0x000000000800052e       0x1e ./Src/main.o
                0x000000000800052e                std::deque<int, std::allocator<int> >::end()
 .text._ZNSt15_Deque_iteratorIiRiPiEC2ERKS2_
                0x000000000800054c       0x36 ./Src/main.o
                0x000000000800054c                std::_Deque_iterator<int, int&, int*>::_Deque_iterator(std::_Deque_iterator<int, int&, int*> const&)
                0x000000000800054c                std::_Deque_iterator<int, int&, int*>::_Deque_iterator(std::_Deque_iterator<int, int&, int*> const&)
 .text._ZSt4moveIRiEONSt16remove_referenceIT_E4typeEOS2_
                0x0000000008000582       0x14 ./Src/main.o
                0x0000000008000582                std::remove_reference<int&>::type&& std::move<int&>(int&)
 .text._ZNSt5dequeIiSaIiEE9push_backEOi
                0x0000000008000596       0x22 ./Src/main.o
                0x0000000008000596                std::deque<int, std::allocator<int> >::push_back(int&&)
 .text._ZNSt5dequeIiSaIiEE4backEv
                0x00000000080005b8       0x32 ./Src/main.o
                0x00000000080005b8                std::deque<int, std::allocator<int> >::back()
 .text._ZNSt14__array_traitsIcLj5EE6_S_ptrERA5_Kc
                0x00000000080005ea       0x14 ./Src/main.o
                0x00000000080005ea                std::__array_traits<char, 5u>::_S_ptr(char const (&) [5])
 .text._ZNSt11_Deque_baseIiSaIiEEC2Ev
                0x00000000080005fe       0x22 ./Src/main.o
                0x00000000080005fe                std::_Deque_base<int, std::allocator<int> >::_Deque_base()
                0x00000000080005fe                std::_Deque_base<int, std::allocator<int> >::_Deque_base()
 .text._ZNSt11_Deque_baseIiSaIiEE17_M_deallocate_mapEPPij
                0x0000000008000620       0x38 ./Src/main.o
                0x0000000008000620                std::_Deque_base<int, std::allocator<int> >::_M_deallocate_map(int**, unsigned int)
 .text._ZNSt5dequeIiSaIiEE12emplace_backIJiEEEvDpOT_
                0x0000000008000658       0x54 ./Src/main.o
                0x0000000008000658                void std::deque<int, std::allocator<int> >::emplace_back<int>(int&&)
 .text._ZNSt15_Deque_iteratorIiRiPiEmmEv
                0x00000000080006ac       0x3e ./Src/main.o
                0x00000000080006ac                std::_Deque_iterator<int, int&, int*>::operator--()
 .text._ZNKSt15_Deque_iteratorIiRiPiEdeEv
                0x00000000080006ea       0x16 ./Src/main.o
                0x00000000080006ea                std::_Deque_iterator<int, int&, int*>::operator*() const
 .text._ZNSt11_Deque_baseIiSaIiEE11_Deque_implC2Ev
                0x0000000008000700       0x38 ./Src/main.o
                0x0000000008000700                std::_Deque_base<int, std::allocator<int> >::_Deque_impl::_Deque_impl()
                0x0000000008000700                std::_Deque_base<int, std::allocator<int> >::_Deque_impl::_Deque_impl()
 .text._ZNSt11_Deque_baseIiSaIiEE17_M_initialize_mapEj
                0x0000000008000738       0xc6 ./Src/main.o
                0x0000000008000738                std::_Deque_base<int, std::allocator<int> >::_M_initialize_map(unsigned int)
 .text._ZNKSt11_Deque_baseIiSaIiEE20_M_get_map_allocatorEv
                0x00000000080007fe       0x22 ./Src/main.o
                0x00000000080007fe                std::_Deque_base<int, std::allocator<int> >::_M_get_map_allocator() const
 .text._ZNSaIPiED2Ev
                0x0000000008000820       0x18 ./Src/main.o
                0x0000000008000820                std::allocator<int*>::~allocator()
                0x0000000008000820                std::allocator<int*>::~allocator()
 .text._ZNSt16allocator_traitsISaIPiEE10deallocateERS1_PS0_j
                0x0000000008000838       0x1e ./Src/main.o
                0x0000000008000838                std::allocator_traits<std::allocator<int*> >::deallocate(std::allocator<int*>&, int**, unsigned int)
 .text._ZSt7forwardIiEOT_RNSt16remove_referenceIS0_E4typeE
                0x0000000008000856       0x14 ./Src/main.o
                0x0000000008000856                int&& std::forward<int>(std::remove_reference<int>::type&)
 .text._ZNSt16allocator_traitsISaIiEE9constructIiJiEEEvRS0_PT_DpOT0_
                0x000000000800086a       0x26 ./Src/main.o
                0x000000000800086a                void std::allocator_traits<std::allocator<int> >::construct<int, int>(std::allocator<int>&, int*, int&&)
 .text._ZNSt5dequeIiSaIiEE16_M_push_back_auxIJiEEEvDpOT_
                0x0000000008000890       0x88 ./Src/main.o
                0x0000000008000890                void std::deque<int, std::allocator<int> >::_M_push_back_aux<int>(int&&)
 .text._ZNSt15_Deque_iteratorIiRiPiE11_M_set_nodeEPS1_
                0x0000000008000918       0x32 ./Src/main.o
                0x0000000008000918                std::_Deque_iterator<int, int&, int*>::_M_set_node(int**)
 .text._ZNSaIiEC2Ev
                0x000000000800094a       0x18 ./Src/main.o
                0x000000000800094a                std::allocator<int>::allocator()
                0x000000000800094a                std::allocator<int>::allocator()
 .text._ZNSt15_Deque_iteratorIiRiPiEC2Ev
                0x0000000008000962       0x2c ./Src/main.o
                0x0000000008000962                std::_Deque_iterator<int, int&, int*>::_Deque_iterator()
                0x0000000008000962                std::_Deque_iterator<int, int&, int*>::_Deque_iterator()
 .text._ZSt3maxIjERKT_S2_S2_
                0x000000000800098e       0x26 ./Src/main.o
                0x000000000800098e                unsigned int const& std::max<unsigned int>(unsigned int const&, unsigned int const&)
 .text._ZNSt11_Deque_baseIiSaIiEE15_M_allocate_mapEj
                0x00000000080009b4       0x3a ./Src/main.o
                0x00000000080009b4                std::_Deque_base<int, std::allocator<int> >::_M_allocate_map(unsigned int)
 .text._ZNSt11_Deque_baseIiSaIiEE15_M_create_nodesEPPiS3_
                0x00000000080009ee       0x34 ./Src/main.o
                0x00000000080009ee                std::_Deque_base<int, std::allocator<int> >::_M_create_nodes(int**, int**)
 .text._ZNKSt11_Deque_baseIiSaIiEE19_M_get_Tp_allocatorEv
                0x0000000008000a22       0x14 ./Src/main.o
                0x0000000008000a22                std::_Deque_base<int, std::allocator<int> >::_M_get_Tp_allocator() const
 .text._ZNSaIPiEC2IiEERKSaIT_E
                0x0000000008000a36       0x1a ./Src/main.o
                0x0000000008000a36                std::allocator<int*>::allocator<int>(std::allocator<int> const&)
                0x0000000008000a36                std::allocator<int*>::allocator<int>(std::allocator<int> const&)
 .text._ZN9__gnu_cxx13new_allocatorIPiED2Ev
                0x0000000008000a50       0x14 ./Src/main.o
                0x0000000008000a50                __gnu_cxx::new_allocator<int*>::~new_allocator()
                0x0000000008000a50                __gnu_cxx::new_allocator<int*>::~new_allocator()
 .text._ZN9__gnu_cxx13new_allocatorIPiE10deallocateEPS1_j
                0x0000000008000a64       0x1a ./Src/main.o
                0x0000000008000a64                __gnu_cxx::new_allocator<int*>::deallocate(int**, unsigned int)
 .text._ZN9__gnu_cxx13new_allocatorIiE9constructIiJiEEEvPT_DpOT0_
                0x0000000008000a7e       0x2c ./Src/main.o
                0x0000000008000a7e                void __gnu_cxx::new_allocator<int>::construct<int, int>(int*, int&&)
 .text._ZNKSt5dequeIiSaIiEE4sizeEv
                0x0000000008000aaa       0x24 ./Src/main.o
                0x0000000008000aaa                std::deque<int, std::allocator<int> >::size() const
 .text._ZNKSt5dequeIiSaIiEE8max_sizeEv
                0x0000000008000ace       0x22 ./Src/main.o
                0x0000000008000ace                std::deque<int, std::allocator<int> >::max_size() const
 .text._ZNSt5dequeIiSaIiEE22_M_reserve_map_at_backEj
                0x0000000008000af0       0x36 ./Src/main.o
                0x0000000008000af0                std::deque<int, std::allocator<int> >::_M_reserve_map_at_back(unsigned int)
 .text._ZNSt11_Deque_baseIiSaIiEE16_M_allocate_nodeEv
                0x0000000008000b26       0x24 ./Src/main.o
                0x0000000008000b26                std::_Deque_base<int, std::allocator<int> >::_M_allocate_node()
 .text._ZNSt15_Deque_iteratorIiRiPiE14_S_buffer_sizeEv
                0x0000000008000b4a       0x10 ./Src/main.o
                0x0000000008000b4a                std::_Deque_iterator<int, int&, int*>::_S_buffer_size()
 .text._ZN9__gnu_cxx13new_allocatorIiEC2Ev
                0x0000000008000b5a       0x14 ./Src/main.o
                0x0000000008000b5a                __gnu_cxx::new_allocator<int>::new_allocator()
                0x0000000008000b5a                __gnu_cxx::new_allocator<int>::new_allocator()
 .text._ZNSt16allocator_traitsISaIPiEE8allocateERS1_j
                0x0000000008000b6e       0x1e ./Src/main.o
                0x0000000008000b6e                std::allocator_traits<std::allocator<int*> >::allocate(std::allocator<int*>&, unsigned int)
 .text._ZN9__gnu_cxx13new_allocatorIPiEC2Ev
                0x0000000008000b8c       0x14 ./Src/main.o
                0x0000000008000b8c                __gnu_cxx::new_allocator<int*>::new_allocator()
                0x0000000008000b8c                __gnu_cxx::new_allocator<int*>::new_allocator()
 .text._ZStmiIiRiPiENSt15_Deque_iteratorIT_T0_T1_E15difference_typeERKS6_S9_
                0x0000000008000ba0       0x48 ./Src/main.o
                0x0000000008000ba0                std::_Deque_iterator<int, int&, int*>::difference_type std::operator-<int, int&, int*>(std::_Deque_iterator<int, int&, int*> const&, std::_Deque_iterator<int, int&, int*> const&)
 .text._ZNSt5dequeIiSaIiEE11_S_max_sizeERKS0_
                0x0000000008000be8       0x34 ./Src/main.o
                0x0000000008000be8                std::deque<int, std::allocator<int> >::_S_max_size(std::allocator<int> const&)
 .text._ZNSt5dequeIiSaIiEE17_M_reallocate_mapEjb
                0x0000000008000c1c      0x134 ./Src/main.o
                0x0000000008000c1c                std::deque<int, std::allocator<int> >::_M_reallocate_map(unsigned int, bool)
 .text._ZNSt16allocator_traitsISaIiEE8allocateERS0_j
                0x0000000008000d50       0x1e ./Src/main.o
                0x0000000008000d50                std::allocator_traits<std::allocator<int> >::allocate(std::allocator<int>&, unsigned int)
 .text._ZN9__gnu_cxx13new_allocatorIPiE8allocateEjPKv
                0x0000000008000d6e       0x3c ./Src/main.o
                0x0000000008000d6e                __gnu_cxx::new_allocator<int*>::allocate(unsigned int, void const*)
 .text._ZNSt16allocator_traitsISaIiEE8max_sizeERKS0_
                0x0000000008000daa       0x18 ./Src/main.o
                0x0000000008000daa                std::allocator_traits<std::allocator<int> >::max_size(std::allocator<int> const&)
 .text._ZSt3minIjERKT_S2_S2_
                0x0000000008000dc2       0x26 ./Src/main.o
                0x0000000008000dc2                unsigned int const& std::min<unsigned int>(unsigned int const&, unsigned int const&)
 .text._ZSt4copyIPPiS1_ET0_T_S3_S2_
                0x0000000008000de8       0x30 ./Src/main.o
                0x0000000008000de8                int** std::copy<int**, int**>(int**, int**, int**)
 .text._ZSt13copy_backwardIPPiS1_ET0_T_S3_S2_
                0x0000000008000e18       0x30 ./Src/main.o
                0x0000000008000e18                int** std::copy_backward<int**, int**>(int**, int**, int**)
 .text._ZN9__gnu_cxx13new_allocatorIiE8allocateEjPKv
                0x0000000008000e48       0x3c ./Src/main.o
                0x0000000008000e48                __gnu_cxx::new_allocator<int>::allocate(unsigned int, void const*)
 .text._ZNK9__gnu_cxx13new_allocatorIPiE8max_sizeEv
                0x0000000008000e84       0x16 ./Src/main.o
                0x0000000008000e84                __gnu_cxx::new_allocator<int*>::max_size() const
 .text._ZNK9__gnu_cxx13new_allocatorIiE8max_sizeEv
                0x0000000008000e9a       0x16 ./Src/main.o
                0x0000000008000e9a                __gnu_cxx::new_allocator<int>::max_size() const
 .text._ZSt12__miter_baseIPPiET_S2_
                0x0000000008000eb0       0x14 ./Src/main.o
                0x0000000008000eb0                int** std::__miter_base<int**>(int**)
 .text._ZSt14__copy_move_a2ILb0EPPiS1_ET1_T0_S3_S2_
                0x0000000008000ec4       0x46 ./Src/main.o
                0x0000000008000ec4                int** std::__copy_move_a2<false, int**, int**>(int**, int**, int**)
 .text._ZSt23__copy_move_backward_a2ILb0EPPiS1_ET1_T0_S3_S2_
                0x0000000008000f0a       0x46 ./Src/main.o
                0x0000000008000f0a                int** std::__copy_move_backward_a2<false, int**, int**>(int**, int**, int**)
 .text._ZSt12__niter_baseIPPiET_S2_
                0x0000000008000f50       0x14 ./Src/main.o
                0x0000000008000f50                int** std::__niter_base<int**>(int**)
 .text._ZSt13__copy_move_aILb0EPPiS1_ET1_T0_S3_S2_
                0x0000000008000f64       0x24 ./Src/main.o
                0x0000000008000f64                int** std::__copy_move_a<false, int**, int**>(int**, int**, int**)
 .text._ZSt12__niter_wrapIPPiET_RKS2_S2_
                0x0000000008000f88       0x16 ./Src/main.o
                0x0000000008000f88                int** std::__niter_wrap<int**>(int** const&, int**)
 .text._ZSt22__copy_move_backward_aILb0EPPiS1_ET1_T0_S3_S2_
                0x0000000008000f9e       0x24 ./Src/main.o
                0x0000000008000f9e                int** std::__copy_move_backward_a<false, int**, int**>(int**, int**, int**)
 .text._ZNSt11__copy_moveILb0ELb1ESt26random_access_iterator_tagE8__copy_mIPiEEPT_PKS4_S7_S5_
                0x0000000008000fc2       0x3a ./Src/main.o
                0x0000000008000fc2                int** std::__copy_move<false, true, std::random_access_iterator_tag>::__copy_m<int*>(int* const*, int* const*, int**)
 .text._ZNSt20__copy_move_backwardILb0ELb1ESt26random_access_iterator_tagE13__copy_move_bIPiEEPT_PKS4_S7_S5_
                0x0000000008000ffc       0x44 ./Src/main.o
                0x0000000008000ffc                int** std::__copy_move_backward<false, true, std::random_access_iterator_tag>::__copy_move_b<int*>(int* const*, int* const*, int**)
 .text._ZN3SCB5SHCRS16mem_fault_enableEv
                0x0000000008001040       0x1c ./Src/scb.o
                0x0000000008001040                SCB::SHCRS::mem_fault_enable()
 .text._ZN3SCB5SHCRS16bus_fault_enableEv
                0x000000000800105c       0x1c ./Src/scb.o
                0x000000000800105c                SCB::SHCRS::bus_fault_enable()
 .text._ZN3SCB5SHCRS16usg_fault_enableEv
                0x0000000008001078       0x1c ./Src/scb.o
                0x0000000008001078                SCB::SHCRS::usg_fault_enable()
 .text._ZN3SCB5SHCRS17all_faults_enableEv
                0x0000000008001094       0x22 ./Src/scb.o
                0x0000000008001094                SCB::SHCRS::all_faults_enable()
 *fill*         0x00000000080010b6        0x2 
 .text.ITM_SendChar
                0x00000000080010b8       0x4c ./Src/syscalls.o
                0x00000000080010b8                ITM_SendChar
 .text._getpid  0x0000000008001104        0xe ./Src/syscalls.o
                0x0000000008001104                _getpid
 .text._kill    0x0000000008001112       0x20 ./Src/syscalls.o
                0x0000000008001112                _kill
 .text._exit    0x0000000008001132       0x14 ./Src/syscalls.o
                0x0000000008001132                _exit
 .text._read    0x0000000008001146       0x3a ./Src/syscalls.o
                0x0000000008001146                _read
 .text._write   0x0000000008001180       0x38 ./Src/syscalls.o
                0x0000000008001180                _write
 .text._close   0x00000000080011b8       0x16 ./Src/syscalls.o
                0x00000000080011b8                _close
 .text._fstat   0x00000000080011ce       0x1e ./Src/syscalls.o
                0x00000000080011ce                _fstat
 .text._isatty  0x00000000080011ec       0x14 ./Src/syscalls.o
                0x00000000080011ec                _isatty
 .text._lseek   0x0000000008001200       0x18 ./Src/syscalls.o
                0x0000000008001200                _lseek
 .text._sbrk    0x0000000008001218       0x6c ./Src/sysmem.o
                0x0000000008001218                _sbrk
 .text._ZN7Systick8SYST_CSR14systick_enableEv
                0x0000000008001284       0x1c ./Src/systick.o
                0x0000000008001284                Systick::SYST_CSR::systick_enable()
 .text._ZN7Systick8SYST_CSR11systick_intEv
                0x00000000080012a0       0x1c ./Src/systick.o
                0x00000000080012a0                Systick::SYST_CSR::systick_int()
 .text._ZN7Systick8SYST_RVR4loadEm
                0x00000000080012bc       0x38 ./Src/systick.o
                0x00000000080012bc                Systick::SYST_RVR::load(unsigned long)
 .text.Reset_Handler
                0x00000000080012f4       0x50 ./Startup/startup_stm32f407vgtx.o
                0x00000000080012f4                Reset_Handler
 .text.Default_Handler
                0x0000000008001344        0x2 ./Startup/startup_stm32f407vgtx.o
                0x0000000008001344                RTC_Alarm_IRQHandler
                0x0000000008001344                HASH_RNG_IRQHandler
                0x0000000008001344                EXTI2_IRQHandler
                0x0000000008001344                TIM8_CC_IRQHandler
                0x0000000008001344                DebugMon_Handler
                0x0000000008001344                TIM1_CC_IRQHandler
                0x0000000008001344                DMA2_Stream5_IRQHandler
                0x0000000008001344                DMA1_Stream5_IRQHandler
                0x0000000008001344                PVD_IRQHandler
                0x0000000008001344                SDIO_IRQHandler
                0x0000000008001344                TAMP_STAMP_IRQHandler
                0x0000000008001344                PendSV_Handler
                0x0000000008001344                NMI_Handler
                0x0000000008001344                CAN2_RX1_IRQHandler
                0x0000000008001344                EXTI3_IRQHandler
                0x0000000008001344                TIM8_TRG_COM_TIM14_IRQHandler
                0x0000000008001344                TIM1_UP_TIM10_IRQHandler
                0x0000000008001344                TIM8_UP_TIM13_IRQHandler
                0x0000000008001344                I2C3_ER_IRQHandler
                0x0000000008001344                LCD_TFT_IRQHandler
                0x0000000008001344                EXTI0_IRQHandler
                0x0000000008001344                I2C2_EV_IRQHandler
                0x0000000008001344                DMA1_Stream2_IRQHandler
                0x0000000008001344                CAN1_RX0_IRQHandler
                0x0000000008001344                FPU_IRQHandler
                0x0000000008001344                OTG_HS_WKUP_IRQHandler
                0x0000000008001344                CAN2_SCE_IRQHandler
                0x0000000008001344                DMA2_Stream2_IRQHandler
                0x0000000008001344                SPI1_IRQHandler
                0x0000000008001344                TIM6_DAC_IRQHandler
                0x0000000008001344                TIM1_BRK_TIM9_IRQHandler
                0x0000000008001344                DCMI_IRQHandler
                0x0000000008001344                CAN2_RX0_IRQHandler
                0x0000000008001344                DMA2_Stream3_IRQHandler
                0x0000000008001344                USART6_IRQHandler
                0x0000000008001344                USART3_IRQHandler
                0x0000000008001344                CRYP_IRQHandler
                0x0000000008001344                CAN1_RX1_IRQHandler
                0x0000000008001344                UART5_IRQHandler
                0x0000000008001344                DMA2_Stream0_IRQHandler
                0x0000000008001344                TIM4_IRQHandler
                0x0000000008001344                I2C1_EV_IRQHandler
                0x0000000008001344                DMA1_Stream6_IRQHandler
                0x0000000008001344                DMA1_Stream1_IRQHandler
                0x0000000008001344                UART4_IRQHandler
                0x0000000008001344                LCD_TFT_1_IRQHandler
                0x0000000008001344                TIM3_IRQHandler
                0x0000000008001344                RCC_IRQHandler
                0x0000000008001344                TIM8_BRK_TIM12_IRQHandler
                0x0000000008001344                Default_Handler
                0x0000000008001344                EXTI15_10_IRQHandler
                0x0000000008001344                ADC_IRQHandler
                0x0000000008001344                DMA1_Stream7_IRQHandler
                0x0000000008001344                TIM7_IRQHandler
                0x0000000008001344                CAN2_TX_IRQHandler
                0x0000000008001344                TIM5_IRQHandler
                0x0000000008001344                DMA2_Stream7_IRQHandler
                0x0000000008001344                I2C3_EV_IRQHandler
                0x0000000008001344                EXTI9_5_IRQHandler
                0x0000000008001344                RTC_WKUP_IRQHandler
                0x0000000008001344                ETH_WKUP_IRQHandler
                0x0000000008001344                SPI2_IRQHandler
                0x0000000008001344                OTG_HS_EP1_IN_IRQHandler
                0x0000000008001344                DMA1_Stream0_IRQHandler
                0x0000000008001344                CAN1_TX_IRQHandler
                0x0000000008001344                SVC_Handler
                0x0000000008001344                EXTI4_IRQHandler
                0x0000000008001344                FSMC_IRQHandler
                0x0000000008001344                ETH_IRQHandler
                0x0000000008001344                OTG_HS_EP1_OUT_IRQHandler
                0x0000000008001344                WWDG_IRQHandler
                0x0000000008001344                TIM2_IRQHandler
                0x0000000008001344                OTG_FS_WKUP_IRQHandler
                0x0000000008001344                TIM1_TRG_COM_TIM11_IRQHandler
                0x0000000008001344                OTG_HS_IRQHandler
                0x0000000008001344                EXTI1_IRQHandler
                0x0000000008001344                USART2_IRQHandler
                0x0000000008001344                I2C2_ER_IRQHandler
                0x0000000008001344                DMA2_Stream1_IRQHandler
                0x0000000008001344                CAN1_SCE_IRQHandler
                0x0000000008001344                DMA2_Stream4_IRQHandler
                0x0000000008001344                USART1_IRQHandler
                0x0000000008001344                OTG_FS_IRQHandler
                0x0000000008001344                SPI3_IRQHandler
                0x0000000008001344                DMA1_Stream4_IRQHandler
                0x0000000008001344                I2C1_ER_IRQHandler
                0x0000000008001344                DMA2_Stream6_IRQHandler
                0x0000000008001344                DMA1_Stream3_IRQHandler
 .text._ZdlPv   0x0000000008001346        0x4 /opt/st/stm32cubeide_1.8.0/plugins/com.st.stm32cube.ide.mcu.externaltools.gnu-tools-for-stm32.9-2020-q2-update.linux64_2.0.0.202105311346/tools/bin/../lib/gcc/arm-none-eabi/9.3.1/../../../../arm-none-eabi/lib/thumb/v7e-m/nofp/libstdc++_nano.a(del_op.o)
                0x0000000008001346                operator delete(void*)
 .text._Znwj    0x000000000800134a       0x22 /opt/st/stm32cubeide_1.8.0/plugins/com.st.stm32cube.ide.mcu.externaltools.gnu-tools-for-stm32.9-2020-q2-update.linux64_2.0.0.202105311346/tools/bin/../lib/gcc/arm-none-eabi/9.3.1/../../../../arm-none-eabi/lib/thumb/v7e-m/nofp/libstdc++_nano.a(new_op.o)
                0x000000000800134a                operator new(unsigned int)
 .text.unlikely._ZSt17__throw_bad_allocv
                0x000000000800136c        0x6 /opt/st/stm32cubeide_1.8.0/plugins/com.st.stm32cube.ide.mcu.externaltools.gnu-tools-for-stm32.9-2020-q2-update.linux64_2.0.0.202105311346/tools/bin/../lib/gcc/arm-none-eabi/9.3.1/../../../../arm-none-eabi/lib/thumb/v7e-m/nofp/libstdc++_nano.a(functexcept.o)
                0x000000000800136c                std::__throw_bad_alloc()
 .text.unlikely._ZSt20__throw_length_errorPKc
                0x0000000008001372        0x6 /opt/st/stm32cubeide_1.8.0/plugins/com.st.stm32cube.ide.mcu.externaltools.gnu-tools-for-stm32.9-2020-q2-update.linux64_2.0.0.202105311346/tools/bin/../lib/gcc/arm-none-eabi/9.3.1/../../../../arm-none-eabi/lib/thumb/v7e-m/nofp/libstdc++_nano.a(functexcept.o)
                0x0000000008001372                std::__throw_length_error(char const*)
 .text._ZSt15get_new_handlerv
                0x0000000008001378       0x10 /opt/st/stm32cubeide_1.8.0/plugins/com.st.stm32cube.ide.mcu.externaltools.gnu-tools-for-stm32.9-2020-q2-update.linux64_2.0.0.202105311346/tools/bin/../lib/gcc/arm-none-eabi/9.3.1/../../../../arm-none-eabi/lib/thumb/v7e-m/nofp/libstdc++_nano.a(new_handler.o)
                0x0000000008001378                std::get_new_handler()
 .text.abort    0x0000000008001388        0xe /opt/st/stm32cubeide_1.8.0/plugins/com.st.stm32cube.ide.mcu.externaltools.gnu-tools-for-stm32.9-2020-q2-update.linux64_2.0.0.202105311346/tools/bin/../lib/gcc/arm-none-eabi/9.3.1/../../../../arm-none-eabi/lib/thumb/v7e-m/nofp/libc_nano.a(lib_a-abort.o)
                0x0000000008001388                abort
 *fill*         0x0000000008001396        0x2 
 .text.__errno  0x0000000008001398        0xc /opt/st/stm32cubeide_1.8.0/plugins/com.st.stm32cube.ide.mcu.externaltools.gnu-tools-for-stm32.9-2020-q2-update.linux64_2.0.0.202105311346/tools/bin/../lib/gcc/arm-none-eabi/9.3.1/../../../../arm-none-eabi/lib/thumb/v7e-m/nofp/libc_nano.a(lib_a-errno.o)
                0x0000000008001398                __errno
 .text.__libc_init_array
                0x00000000080013a4       0x48 /opt/st/stm32cubeide_1.8.0/plugins/com.st.stm32cube.ide.mcu.externaltools.gnu-tools-for-stm32.9-2020-q2-update.linux64_2.0.0.202105311346/tools/bin/../lib/gcc/arm-none-eabi/9.3.1/../../../../arm-none-eabi/lib/thumb/v7e-m/nofp/libc_nano.a(lib_a-init.o)
                0x00000000080013a4                __libc_init_array
 .text.malloc   0x00000000080013ec       0x10 /opt/st/stm32cubeide_1.8.0/plugins/com.st.stm32cube.ide.mcu.externaltools.gnu-tools-for-stm32.9-2020-q2-update.linux64_2.0.0.202105311346/tools/bin/../lib/gcc/arm-none-eabi/9.3.1/../../../../arm-none-eabi/lib/thumb/v7e-m/nofp/libc_nano.a(lib_a-malloc.o)
                0x00000000080013ec                malloc
 .text.free     0x00000000080013fc       0x10 /opt/st/stm32cubeide_1.8.0/plugins/com.st.stm32cube.ide.mcu.externaltools.gnu-tools-for-stm32.9-2020-q2-update.linux64_2.0.0.202105311346/tools/bin/../lib/gcc/arm-none-eabi/9.3.1/../../../../arm-none-eabi/lib/thumb/v7e-m/nofp/libc_nano.a(lib_a-malloc.o)
                0x00000000080013fc                free
 .text.memmove  0x000000000800140c       0x34 /opt/st/stm32cubeide_1.8.0/plugins/com.st.stm32cube.ide.mcu.externaltools.gnu-tools-for-stm32.9-2020-q2-update.linux64_2.0.0.202105311346/tools/bin/../lib/gcc/arm-none-eabi/9.3.1/../../../../arm-none-eabi/lib/thumb/v7e-m/nofp/libc_nano.a(lib_a-memmove.o)
                0x000000000800140c                memmove
 .text.memset   0x0000000008001440       0x10 /opt/st/stm32cubeide_1.8.0/plugins/com.st.stm32cube.ide.mcu.externaltools.gnu-tools-for-stm32.9-2020-q2-update.linux64_2.0.0.202105311346/tools/bin/../lib/gcc/arm-none-eabi/9.3.1/../../../../arm-none-eabi/lib/thumb/v7e-m/nofp/libc_nano.a(lib_a-memset.o)
                0x0000000008001440                memset
 .text._free_r  0x0000000008001450       0x9c /opt/st/stm32cubeide_1.8.0/plugins/com.st.stm32cube.ide.mcu.externaltools.gnu-tools-for-stm32.9-2020-q2-update.linux64_2.0.0.202105311346/tools/bin/../lib/gcc/arm-none-eabi/9.3.1/../../../../arm-none-eabi/lib/thumb/v7e-m/nofp/libc_nano.a(lib_a-nano-freer.o)
                0x0000000008001450                _free_r
 .text._malloc_r
                0x00000000080014ec       0xb4 /opt/st/stm32cubeide_1.8.0/plugins/com.st.stm32cube.ide.mcu.externaltools.gnu-tools-for-stm32.9-2020-q2-update.linux64_2.0.0.202105311346/tools/bin/../lib/gcc/arm-none-eabi/9.3.1/../../../../arm-none-eabi/lib/thumb/v7e-m/nofp/libc_nano.a(lib_a-nano-mallocr.o)
                0x00000000080014ec                _malloc_r
 .text.printf   0x00000000080015a0       0x30 /opt/st/stm32cubeide_1.8.0/plugins/com.st.stm32cube.ide.mcu.externaltools.gnu-tools-for-stm32.9-2020-q2-update.linux64_2.0.0.202105311346/tools/bin/../lib/gcc/arm-none-eabi/9.3.1/../../../../arm-none-eabi/lib/thumb/v7e-m/nofp/libc_nano.a(lib_a-printf.o)
                0x00000000080015a0                printf
                0x00000000080015a0                iprintf
 .text._puts_r  0x00000000080015d0       0xdc /opt/st/stm32cubeide_1.8.0/plugins/com.st.stm32cube.ide.mcu.externaltools.gnu-tools-for-stm32.9-2020-q2-update.linux64_2.0.0.202105311346/tools/bin/../lib/gcc/arm-none-eabi/9.3.1/../../../../arm-none-eabi/lib/thumb/v7e-m/nofp/libc_nano.a(lib_a-puts.o)
                0x00000000080015d0                _puts_r
 .text.puts     0x00000000080016ac       0x10 /opt/st/stm32cubeide_1.8.0/plugins/com.st.stm32cube.ide.mcu.externaltools.gnu-tools-for-stm32.9-2020-q2-update.linux64_2.0.0.202105311346/tools/bin/../lib/gcc/arm-none-eabi/9.3.1/../../../../arm-none-eabi/lib/thumb/v7e-m/nofp/libc_nano.a(lib_a-puts.o)
                0x00000000080016ac                puts
 .text._sbrk_r  0x00000000080016bc       0x20 /opt/st/stm32cubeide_1.8.0/plugins/com.st.stm32cube.ide.mcu.externaltools.gnu-tools-for-stm32.9-2020-q2-update.linux64_2.0.0.202105311346/tools/bin/../lib/gcc/arm-none-eabi/9.3.1/../../../../arm-none-eabi/lib/thumb/v7e-m/nofp/libc_nano.a(lib_a-sbrkr.o)
                0x00000000080016bc                _sbrk_r
 .text._raise_r
                0x00000000080016dc       0x50 /opt/st/stm32cubeide_1.8.0/plugins/com.st.stm32cube.ide.mcu.externaltools.gnu-tools-for-stm32.9-2020-q2-update.linux64_2.0.0.202105311346/tools/bin/../lib/gcc/arm-none-eabi/9.3.1/../../../../arm-none-eabi/lib/thumb/v7e-m/nofp/libc_nano.a(lib_a-signal.o)
                0x00000000080016dc                _raise_r
 .text.raise    0x000000000800172c       0x10 /opt/st/stm32cubeide_1.8.0/plugins/com.st.stm32cube.ide.mcu.externaltools.gnu-tools-for-stm32.9-2020-q2-update.linux64_2.0.0.202105311346/tools/bin/../lib/gcc/arm-none-eabi/9.3.1/../../../../arm-none-eabi/lib/thumb/v7e-m/nofp/libc_nano.a(lib_a-signal.o)
                0x000000000800172c                raise
 .text._kill_r  0x000000000800173c       0x24 /opt/st/stm32cubeide_1.8.0/plugins/com.st.stm32cube.ide.mcu.externaltools.gnu-tools-for-stm32.9-2020-q2-update.linux64_2.0.0.202105311346/tools/bin/../lib/gcc/arm-none-eabi/9.3.1/../../../../arm-none-eabi/lib/thumb/v7e-m/nofp/libc_nano.a(lib_a-signalr.o)
                0x000000000800173c                _kill_r
 .text._getpid_r
                0x0000000008001760        0x4 /opt/st/stm32cubeide_1.8.0/plugins/com.st.stm32cube.ide.mcu.externaltools.gnu-tools-for-stm32.9-2020-q2-update.linux64_2.0.0.202105311346/tools/bin/../lib/gcc/arm-none-eabi/9.3.1/../../../../arm-none-eabi/lib/thumb/v7e-m/nofp/libc_nano.a(lib_a-signalr.o)
                0x0000000008001760                _getpid_r
 .text.__swbuf_r
                0x0000000008001764       0xa4 /opt/st/stm32cubeide_1.8.0/plugins/com.st.stm32cube.ide.mcu.externaltools.gnu-tools-for-stm32.9-2020-q2-update.linux64_2.0.0.202105311346/tools/bin/../lib/gcc/arm-none-eabi/9.3.1/../../../../arm-none-eabi/lib/thumb/v7e-m/nofp/libc_nano.a(lib_a-wbuf.o)
                0x0000000008001764                __swbuf_r
 .text.__swsetup_r
                0x0000000008001808       0xdc /opt/st/stm32cubeide_1.8.0/plugins/com.st.stm32cube.ide.mcu.externaltools.gnu-tools-for-stm32.9-2020-q2-update.linux64_2.0.0.202105311346/tools/bin/../lib/gcc/arm-none-eabi/9.3.1/../../../../arm-none-eabi/lib/thumb/v7e-m/nofp/libc_nano.a(lib_a-wsetup.o)
                0x0000000008001808                __swsetup_r
 .text.__sflush_r
                0x00000000080018e4      0x10c /opt/st/stm32cubeide_1.8.0/plugins/com.st.stm32cube.ide.mcu.externaltools.gnu-tools-for-stm32.9-2020-q2-update.linux64_2.0.0.202105311346/tools/bin/../lib/gcc/arm-none-eabi/9.3.1/../../../../arm-none-eabi/lib/thumb/v7e-m/nofp/libc_nano.a(lib_a-fflush.o)
                0x00000000080018e4                __sflush_r
 .text._fflush_r
                0x00000000080019f0       0x78 /opt/st/stm32cubeide_1.8.0/plugins/com.st.stm32cube.ide.mcu.externaltools.gnu-tools-for-stm32.9-2020-q2-update.linux64_2.0.0.202105311346/tools/bin/../lib/gcc/arm-none-eabi/9.3.1/../../../../arm-none-eabi/lib/thumb/v7e-m/nofp/libc_nano.a(lib_a-fflush.o)
                0x00000000080019f0                _fflush_r
 .text.std      0x0000000008001a68       0x48 /opt/st/stm32cubeide_1.8.0/plugins/com.st.stm32cube.ide.mcu.externaltools.gnu-tools-for-stm32.9-2020-q2-update.linux64_2.0.0.202105311346/tools/bin/../lib/gcc/arm-none-eabi/9.3.1/../../../../arm-none-eabi/lib/thumb/v7e-m/nofp/libc_nano.a(lib_a-findfp.o)
 .text._cleanup_r
                0x0000000008001ab0        0xc /opt/st/stm32cubeide_1.8.0/plugins/com.st.stm32cube.ide.mcu.externaltools.gnu-tools-for-stm32.9-2020-q2-update.linux64_2.0.0.202105311346/tools/bin/../lib/gcc/arm-none-eabi/9.3.1/../../../../arm-none-eabi/lib/thumb/v7e-m/nofp/libc_nano.a(lib_a-findfp.o)
                0x0000000008001ab0                _cleanup_r
 .text.__sfmoreglue
                0x0000000008001abc       0x2c /opt/st/stm32cubeide_1.8.0/plugins/com.st.stm32cube.ide.mcu.externaltools.gnu-tools-for-stm32.9-2020-q2-update.linux64_2.0.0.202105311346/tools/bin/../lib/gcc/arm-none-eabi/9.3.1/../../../../arm-none-eabi/lib/thumb/v7e-m/nofp/libc_nano.a(lib_a-findfp.o)
                0x0000000008001abc                __sfmoreglue
 .text.__sfp_lock_acquire
                0x0000000008001ae8        0xc /opt/st/stm32cubeide_1.8.0/plugins/com.st.stm32cube.ide.mcu.externaltools.gnu-tools-for-stm32.9-2020-q2-update.linux64_2.0.0.202105311346/tools/bin/../lib/gcc/arm-none-eabi/9.3.1/../../../../arm-none-eabi/lib/thumb/v7e-m/nofp/libc_nano.a(lib_a-findfp.o)
                0x0000000008001ae8                __sfp_lock_acquire
 .text.__sfp_lock_release
                0x0000000008001af4        0xc /opt/st/stm32cubeide_1.8.0/plugins/com.st.stm32cube.ide.mcu.externaltools.gnu-tools-for-stm32.9-2020-q2-update.linux64_2.0.0.202105311346/tools/bin/../lib/gcc/arm-none-eabi/9.3.1/../../../../arm-none-eabi/lib/thumb/v7e-m/nofp/libc_nano.a(lib_a-findfp.o)
                0x0000000008001af4                __sfp_lock_release
 .text.__sinit_lock_acquire
                0x0000000008001b00        0xc /opt/st/stm32cubeide_1.8.0/plugins/com.st.stm32cube.ide.mcu.externaltools.gnu-tools-for-stm32.9-2020-q2-update.linux64_2.0.0.202105311346/tools/bin/../lib/gcc/arm-none-eabi/9.3.1/../../../../arm-none-eabi/lib/thumb/v7e-m/nofp/libc_nano.a(lib_a-findfp.o)
                0x0000000008001b00                __sinit_lock_acquire
 .text.__sinit_lock_release
                0x0000000008001b0c        0xc /opt/st/stm32cubeide_1.8.0/plugins/com.st.stm32cube.ide.mcu.externaltools.gnu-tools-for-stm32.9-2020-q2-update.linux64_2.0.0.202105311346/tools/bin/../lib/gcc/arm-none-eabi/9.3.1/../../../../arm-none-eabi/lib/thumb/v7e-m/nofp/libc_nano.a(lib_a-findfp.o)
                0x0000000008001b0c                __sinit_lock_release
 .text.__sinit  0x0000000008001b18       0x70 /opt/st/stm32cubeide_1.8.0/plugins/com.st.stm32cube.ide.mcu.externaltools.gnu-tools-for-stm32.9-2020-q2-update.linux64_2.0.0.202105311346/tools/bin/../lib/gcc/arm-none-eabi/9.3.1/../../../../arm-none-eabi/lib/thumb/v7e-m/nofp/libc_nano.a(lib_a-findfp.o)
                0x0000000008001b18                __sinit
 .text.__sfp    0x0000000008001b88       0x8c /opt/st/stm32cubeide_1.8.0/plugins/com.st.stm32cube.ide.mcu.externaltools.gnu-tools-for-stm32.9-2020-q2-update.linux64_2.0.0.202105311346/tools/bin/../lib/gcc/arm-none-eabi/9.3.1/../../../../arm-none-eabi/lib/thumb/v7e-m/nofp/libc_nano.a(lib_a-findfp.o)
                0x0000000008001b88                __sfp
 .text._fwalk_reent
                0x0000000008001c14       0x3e /opt/st/stm32cubeide_1.8.0/plugins/com.st.stm32cube.ide.mcu.externaltools.gnu-tools-for-stm32.9-2020-q2-update.linux64_2.0.0.202105311346/tools/bin/../lib/gcc/arm-none-eabi/9.3.1/../../../../arm-none-eabi/lib/thumb/v7e-m/nofp/libc_nano.a(lib_a-fwalk.o)
                0x0000000008001c14                _fwalk_reent
 .text.__retarget_lock_init_recursive
                0x0000000008001c52        0x2 /opt/st/stm32cubeide_1.8.0/plugins/com.st.stm32cube.ide.mcu.externaltools.gnu-tools-for-stm32.9-2020-q2-update.linux64_2.0.0.202105311346/tools/bin/../lib/gcc/arm-none-eabi/9.3.1/../../../../arm-none-eabi/lib/thumb/v7e-m/nofp/libc_nano.a(lib_a-lock.o)
                0x0000000008001c52                __retarget_lock_init_recursive
 .text.__retarget_lock_acquire_recursive
                0x0000000008001c54        0x2 /opt/st/stm32cubeide_1.8.0/plugins/com.st.stm32cube.ide.mcu.externaltools.gnu-tools-for-stm32.9-2020-q2-update.linux64_2.0.0.202105311346/tools/bin/../lib/gcc/arm-none-eabi/9.3.1/../../../../arm-none-eabi/lib/thumb/v7e-m/nofp/libc_nano.a(lib_a-lock.o)
                0x0000000008001c54                __retarget_lock_acquire_recursive
 .text.__retarget_lock_release_recursive
                0x0000000008001c56        0x2 /opt/st/stm32cubeide_1.8.0/plugins/com.st.stm32cube.ide.mcu.externaltools.gnu-tools-for-stm32.9-2020-q2-update.linux64_2.0.0.202105311346/tools/bin/../lib/gcc/arm-none-eabi/9.3.1/../../../../arm-none-eabi/lib/thumb/v7e-m/nofp/libc_nano.a(lib_a-lock.o)
                0x0000000008001c56                __retarget_lock_release_recursive
 .text.__swhatbuf_r
                0x0000000008001c58       0x48 /opt/st/stm32cubeide_1.8.0/plugins/com.st.stm32cube.ide.mcu.externaltools.gnu-tools-for-stm32.9-2020-q2-update.linux64_2.0.0.202105311346/tools/bin/../lib/gcc/arm-none-eabi/9.3.1/../../../../arm-none-eabi/lib/thumb/v7e-m/nofp/libc_nano.a(lib_a-makebuf.o)
                0x0000000008001c58                __swhatbuf_r
 .text.__smakebuf_r
                0x0000000008001ca0       0x80 /opt/st/stm32cubeide_1.8.0/plugins/com.st.stm32cube.ide.mcu.externaltools.gnu-tools-for-stm32.9-2020-q2-update.linux64_2.0.0.202105311346/tools/bin/../lib/gcc/arm-none-eabi/9.3.1/../../../../arm-none-eabi/lib/thumb/v7e-m/nofp/libc_nano.a(lib_a-makebuf.o)
                0x0000000008001ca0                __smakebuf_r
 .text.__malloc_lock
                0x0000000008001d20        0xc /opt/st/stm32cubeide_1.8.0/plugins/com.st.stm32cube.ide.mcu.externaltools.gnu-tools-for-stm32.9-2020-q2-update.linux64_2.0.0.202105311346/tools/bin/../lib/gcc/arm-none-eabi/9.3.1/../../../../arm-none-eabi/lib/thumb/v7e-m/nofp/libc_nano.a(lib_a-mlock.o)
                0x0000000008001d20                __malloc_lock
 .text.__malloc_unlock
                0x0000000008001d2c        0xc /opt/st/stm32cubeide_1.8.0/plugins/com.st.stm32cube.ide.mcu.externaltools.gnu-tools-for-stm32.9-2020-q2-update.linux64_2.0.0.202105311346/tools/bin/../lib/gcc/arm-none-eabi/9.3.1/../../../../arm-none-eabi/lib/thumb/v7e-m/nofp/libc_nano.a(lib_a-mlock.o)
                0x0000000008001d2c                __malloc_unlock
 .text.__sfputc_r
                0x0000000008001d38       0x2a /opt/st/stm32cubeide_1.8.0/plugins/com.st.stm32cube.ide.mcu.externaltools.gnu-tools-for-stm32.9-2020-q2-update.linux64_2.0.0.202105311346/tools/bin/../lib/gcc/arm-none-eabi/9.3.1/../../../../arm-none-eabi/lib/thumb/v7e-m/nofp/libc_nano.a(lib_a-nano-vfprintf.o)
 .text.__sfputs_r
                0x0000000008001d62       0x24 /opt/st/stm32cubeide_1.8.0/plugins/com.st.stm32cube.ide.mcu.externaltools.gnu-tools-for-stm32.9-2020-q2-update.linux64_2.0.0.202105311346/tools/bin/../lib/gcc/arm-none-eabi/9.3.1/../../../../arm-none-eabi/lib/thumb/v7e-m/nofp/libc_nano.a(lib_a-nano-vfprintf.o)
                0x0000000008001d62                __sfputs_r
 *fill*         0x0000000008001d86        0x2 
 .text._vfprintf_r
                0x0000000008001d88      0x260 /opt/st/stm32cubeide_1.8.0/plugins/com.st.stm32cube.ide.mcu.externaltools.gnu-tools-for-stm32.9-2020-q2-update.linux64_2.0.0.202105311346/tools/bin/../lib/gcc/arm-none-eabi/9.3.1/../../../../arm-none-eabi/lib/thumb/v7e-m/nofp/libc_nano.a(lib_a-nano-vfprintf.o)
                0x0000000008001d88                _vfiprintf_r
                0x0000000008001d88                _vfprintf_r
 .text._printf_common
                0x0000000008001fe8       0xda /opt/st/stm32cubeide_1.8.0/plugins/com.st.stm32cube.ide.mcu.externaltools.gnu-tools-for-stm32.9-2020-q2-update.linux64_2.0.0.202105311346/tools/bin/../lib/gcc/arm-none-eabi/9.3.1/../../../../arm-none-eabi/lib/thumb/v7e-m/nofp/libc_nano.a(lib_a-nano-vfprintf_i.o)
                0x0000000008001fe8                _printf_common
 *fill*         0x00000000080020c2        0x2 
 .text._printf_i
                0x00000000080020c4      0x24c /opt/st/stm32cubeide_1.8.0/plugins/com.st.stm32cube.ide.mcu.externaltools.gnu-tools-for-stm32.9-2020-q2-update.linux64_2.0.0.202105311346/tools/bin/../lib/gcc/arm-none-eabi/9.3.1/../../../../arm-none-eabi/lib/thumb/v7e-m/nofp/libc_nano.a(lib_a-nano-vfprintf_i.o)
                0x00000000080020c4                _printf_i
 .text.__sread  0x0000000008002310       0x22 /opt/st/stm32cubeide_1.8.0/plugins/com.st.stm32cube.ide.mcu.externaltools.gnu-tools-for-stm32.9-2020-q2-update.linux64_2.0.0.202105311346/tools/bin/../lib/gcc/arm-none-eabi/9.3.1/../../../../arm-none-eabi/lib/thumb/v7e-m/nofp/libc_nano.a(lib_a-stdio.o)
                0x0000000008002310                __sread
 .text.__swrite
                0x0000000008002332       0x38 /opt/st/stm32cubeide_1.8.0/plugins/com.st.stm32cube.ide.mcu.externaltools.gnu-tools-for-stm32.9-2020-q2-update.linux64_2.0.0.202105311346/tools/bin/../lib/gcc/arm-none-eabi/9.3.1/../../../../arm-none-eabi/lib/thumb/v7e-m/nofp/libc_nano.a(lib_a-stdio.o)
                0x0000000008002332                __swrite
 .text.__sseek  0x000000000800236a       0x24 /opt/st/stm32cubeide_1.8.0/plugins/com.st.stm32cube.ide.mcu.externaltools.gnu-tools-for-stm32.9-2020-q2-update.linux64_2.0.0.202105311346/tools/bin/../lib/gcc/arm-none-eabi/9.3.1/../../../../arm-none-eabi/lib/thumb/v7e-m/nofp/libc_nano.a(lib_a-stdio.o)
                0x000000000800236a                __sseek
 .text.__sclose
                0x000000000800238e        0x8 /opt/st/stm32cubeide_1.8.0/plugins/com.st.stm32cube.ide.mcu.externaltools.gnu-tools-for-stm32.9-2020-q2-update.linux64_2.0.0.202105311346/tools/bin/../lib/gcc/arm-none-eabi/9.3.1/../../../../arm-none-eabi/lib/thumb/v7e-m/nofp/libc_nano.a(lib_a-stdio.o)
                0x000000000800238e                __sclose
 *fill*         0x0000000008002396        0x2 
 .text._write_r
                0x0000000008002398       0x24 /opt/st/stm32cubeide_1.8.0/plugins/com.st.stm32cube.ide.mcu.externaltools.gnu-tools-for-stm32.9-2020-q2-update.linux64_2.0.0.202105311346/tools/bin/../lib/gcc/arm-none-eabi/9.3.1/../../../../arm-none-eabi/lib/thumb/v7e-m/nofp/libc_nano.a(lib_a-writer.o)
                0x0000000008002398                _write_r
 .text._close_r
                0x00000000080023bc       0x20 /opt/st/stm32cubeide_1.8.0/plugins/com.st.stm32cube.ide.mcu.externaltools.gnu-tools-for-stm32.9-2020-q2-update.linux64_2.0.0.202105311346/tools/bin/../lib/gcc/arm-none-eabi/9.3.1/../../../../arm-none-eabi/lib/thumb/v7e-m/nofp/libc_nano.a(lib_a-closer.o)
                0x00000000080023bc                _close_r
 .text._fstat_r
                0x00000000080023dc       0x24 /opt/st/stm32cubeide_1.8.0/plugins/com.st.stm32cube.ide.mcu.externaltools.gnu-tools-for-stm32.9-2020-q2-update.linux64_2.0.0.202105311346/tools/bin/../lib/gcc/arm-none-eabi/9.3.1/../../../../arm-none-eabi/lib/thumb/v7e-m/nofp/libc_nano.a(lib_a-fstatr.o)
                0x00000000080023dc                _fstat_r
 .text._isatty_r
                0x0000000008002400       0x20 /opt/st/stm32cubeide_1.8.0/plugins/com.st.stm32cube.ide.mcu.externaltools.gnu-tools-for-stm32.9-2020-q2-update.linux64_2.0.0.202105311346/tools/bin/../lib/gcc/arm-none-eabi/9.3.1/../../../../arm-none-eabi/lib/thumb/v7e-m/nofp/libc_nano.a(lib_a-isattyr.o)
                0x0000000008002400                _isatty_r
 .text._lseek_r
                0x0000000008002420       0x24 /opt/st/stm32cubeide_1.8.0/plugins/com.st.stm32cube.ide.mcu.externaltools.gnu-tools-for-stm32.9-2020-q2-update.linux64_2.0.0.202105311346/tools/bin/../lib/gcc/arm-none-eabi/9.3.1/../../../../arm-none-eabi/lib/thumb/v7e-m/nofp/libc_nano.a(lib_a-lseekr.o)
                0x0000000008002420                _lseek_r
 .text._read_r  0x0000000008002444       0x24 /opt/st/stm32cubeide_1.8.0/plugins/com.st.stm32cube.ide.mcu.externaltools.gnu-tools-for-stm32.9-2020-q2-update.linux64_2.0.0.202105311346/tools/bin/../lib/gcc/arm-none-eabi/9.3.1/../../../../arm-none-eabi/lib/thumb/v7e-m/nofp/libc_nano.a(lib_a-readr.o)
                0x0000000008002444                _read_r
 *(.glue_7)
 .glue_7        0x0000000008002468        0x0 linker stubs
 *(.glue_7t)
 .glue_7t       0x0000000008002468        0x0 linker stubs
 *(.eh_frame)
 .eh_frame      0x0000000008002468        0x0 /opt/st/stm32cubeide_1.8.0/plugins/com.st.stm32cube.ide.mcu.externaltools.gnu-tools-for-stm32.9-2020-q2-update.linux64_2.0.0.202105311346/tools/bin/../lib/gcc/arm-none-eabi/9.3.1/thumb/v7e-m/nofp/crtbegin.o
 *(.init)
 .init          0x0000000008002468        0x4 /opt/st/stm32cubeide_1.8.0/plugins/com.st.stm32cube.ide.mcu.externaltools.gnu-tools-for-stm32.9-2020-q2-update.linux64_2.0.0.202105311346/tools/bin/../lib/gcc/arm-none-eabi/9.3.1/thumb/v7e-m/nofp/crti.o
                0x0000000008002468                _init
 .init          0x000000000800246c        0x8 /opt/st/stm32cubeide_1.8.0/plugins/com.st.stm32cube.ide.mcu.externaltools.gnu-tools-for-stm32.9-2020-q2-update.linux64_2.0.0.202105311346/tools/bin/../lib/gcc/arm-none-eabi/9.3.1/thumb/v7e-m/nofp/crtn.o
 *(.fini)
 .fini          0x0000000008002474        0x4 /opt/st/stm32cubeide_1.8.0/plugins/com.st.stm32cube.ide.mcu.externaltools.gnu-tools-for-stm32.9-2020-q2-update.linux64_2.0.0.202105311346/tools/bin/../lib/gcc/arm-none-eabi/9.3.1/thumb/v7e-m/nofp/crti.o
                0x0000000008002474                _fini
 .fini          0x0000000008002478        0x8 /opt/st/stm32cubeide_1.8.0/plugins/com.st.stm32cube.ide.mcu.externaltools.gnu-tools-for-stm32.9-2020-q2-update.linux64_2.0.0.202105311346/tools/bin/../lib/gcc/arm-none-eabi/9.3.1/thumb/v7e-m/nofp/crtn.o
                0x0000000008002480                . = ALIGN (0x4)
                0x0000000008002480                _etext = .

.vfp11_veneer   0x0000000008002480        0x0
 .vfp11_veneer  0x0000000008002480        0x0 linker stubs

.v4_bx          0x0000000008002480        0x0
 .v4_bx         0x0000000008002480        0x0 linker stubs

.iplt           0x0000000008002480        0x0
 .iplt          0x0000000008002480        0x0 /opt/st/stm32cubeide_1.8.0/plugins/com.st.stm32cube.ide.mcu.externaltools.gnu-tools-for-stm32.9-2020-q2-update.linux64_2.0.0.202105311346/tools/bin/../lib/gcc/arm-none-eabi/9.3.1/thumb/v7e-m/nofp/crtbegin.o

.rodata         0x0000000008002480      0x11c
                0x0000000008002480                . = ALIGN (0x4)
 *(.rodata)
 .rodata        0x0000000008002480       0x38 ./Src/faults.o
 .rodata        0x00000000080024b8       0x10 ./Src/handler.o
 .rodata        0x00000000080024c8       0x3c ./Src/main.o
 *(.rodata*)
 .rodata._global_impure_ptr
                0x0000000008002504        0x4 /opt/st/stm32cubeide_1.8.0/plugins/com.st.stm32cube.ide.mcu.externaltools.gnu-tools-for-stm32.9-2020-q2-update.linux64_2.0.0.202105311346/tools/bin/../lib/gcc/arm-none-eabi/9.3.1/../../../../arm-none-eabi/lib/thumb/v7e-m/nofp/libc_nano.a(lib_a-impure.o)
                0x0000000008002504                _global_impure_ptr
 .rodata.__sf_fake_stderr
                0x0000000008002508       0x20 /opt/st/stm32cubeide_1.8.0/plugins/com.st.stm32cube.ide.mcu.externaltools.gnu-tools-for-stm32.9-2020-q2-update.linux64_2.0.0.202105311346/tools/bin/../lib/gcc/arm-none-eabi/9.3.1/../../../../arm-none-eabi/lib/thumb/v7e-m/nofp/libc_nano.a(lib_a-findfp.o)
                0x0000000008002508                __sf_fake_stderr
 .rodata.__sf_fake_stdin
                0x0000000008002528       0x20 /opt/st/stm32cubeide_1.8.0/plugins/com.st.stm32cube.ide.mcu.externaltools.gnu-tools-for-stm32.9-2020-q2-update.linux64_2.0.0.202105311346/tools/bin/../lib/gcc/arm-none-eabi/9.3.1/../../../../arm-none-eabi/lib/thumb/v7e-m/nofp/libc_nano.a(lib_a-findfp.o)
                0x0000000008002528                __sf_fake_stdin
 .rodata.__sf_fake_stdout
                0x0000000008002548       0x20 /opt/st/stm32cubeide_1.8.0/plugins/com.st.stm32cube.ide.mcu.externaltools.gnu-tools-for-stm32.9-2020-q2-update.linux64_2.0.0.202105311346/tools/bin/../lib/gcc/arm-none-eabi/9.3.1/../../../../arm-none-eabi/lib/thumb/v7e-m/nofp/libc_nano.a(lib_a-findfp.o)
                0x0000000008002548                __sf_fake_stdout
 .rodata._vfprintf_r.str1.1
                0x0000000008002568       0x11 /opt/st/stm32cubeide_1.8.0/plugins/com.st.stm32cube.ide.mcu.externaltools.gnu-tools-for-stm32.9-2020-q2-update.linux64_2.0.0.202105311346/tools/bin/../lib/gcc/arm-none-eabi/9.3.1/../../../../arm-none-eabi/lib/thumb/v7e-m/nofp/libc_nano.a(lib_a-nano-vfprintf.o)
 .rodata._printf_i.str1.1
                0x0000000008002579       0x22 /opt/st/stm32cubeide_1.8.0/plugins/com.st.stm32cube.ide.mcu.externaltools.gnu-tools-for-stm32.9-2020-q2-update.linux64_2.0.0.202105311346/tools/bin/../lib/gcc/arm-none-eabi/9.3.1/../../../../arm-none-eabi/lib/thumb/v7e-m/nofp/libc_nano.a(lib_a-nano-vfprintf_i.o)
                0x000000000800259c                . = ALIGN (0x4)
 *fill*         0x000000000800259b        0x1 

.rel.dyn        0x000000000800259c        0x0
 .rel.iplt      0x000000000800259c        0x0 /opt/st/stm32cubeide_1.8.0/plugins/com.st.stm32cube.ide.mcu.externaltools.gnu-tools-for-stm32.9-2020-q2-update.linux64_2.0.0.202105311346/tools/bin/../lib/gcc/arm-none-eabi/9.3.1/thumb/v7e-m/nofp/crtbegin.o

.ARM.extab      0x000000000800259c        0x0
                0x000000000800259c                . = ALIGN (0x4)
 *(.ARM.extab* .gnu.linkonce.armextab.*)
                0x000000000800259c                . = ALIGN (0x4)

.ARM            0x000000000800259c        0x0
                0x000000000800259c                . = ALIGN (0x4)
                0x000000000800259c                __exidx_start = .
 *(.ARM.exidx*)
                0x000000000800259c                __exidx_end = .
                0x000000000800259c                . = ALIGN (0x4)

.preinit_array  0x000000000800259c        0x0
                0x000000000800259c                . = ALIGN (0x4)
                0x000000000800259c                PROVIDE (__preinit_array_start = .)
 *(.preinit_array*)
                0x000000000800259c                PROVIDE (__preinit_array_end = .)
                0x000000000800259c                . = ALIGN (0x4)

.init_array     0x000000000800259c        0x4
                0x000000000800259c                . = ALIGN (0x4)
                0x000000000800259c                PROVIDE (__init_array_start = .)
 *(SORT_BY_NAME(.init_array.*))
 *(.init_array*)
 .init_array    0x000000000800259c        0x4 /opt/st/stm32cubeide_1.8.0/plugins/com.st.stm32cube.ide.mcu.externaltools.gnu-tools-for-stm32.9-2020-q2-update.linux64_2.0.0.202105311346/tools/bin/../lib/gcc/arm-none-eabi/9.3.1/thumb/v7e-m/nofp/crtbegin.o
                0x00000000080025a0                PROVIDE (__init_array_end = .)
                0x00000000080025a0                . = ALIGN (0x4)

.fini_array     0x00000000080025a0        0x4
                0x00000000080025a0                . = ALIGN (0x4)
                [!provide]                        PROVIDE (__fini_array_start = .)
 *(SORT_BY_NAME(.fini_array.*))
 *(.fini_array*)
 .fini_array    0x00000000080025a0        0x4 /opt/st/stm32cubeide_1.8.0/plugins/com.st.stm32cube.ide.mcu.externaltools.gnu-tools-for-stm32.9-2020-q2-update.linux64_2.0.0.202105311346/tools/bin/../lib/gcc/arm-none-eabi/9.3.1/thumb/v7e-m/nofp/crtbegin.o
                [!provide]                        PROVIDE (__fini_array_end = .)
                0x00000000080025a4                . = ALIGN (0x4)
                0x00000000080025a4                _sidata = LOADADDR (.data)

.data           0x0000000020000000       0x70 load address 0x00000000080025a4
                0x0000000020000000                . = ALIGN (0x4)
                0x0000000020000000                _sdata = .
 *(.data)
 *(.data*)
 .data.odr      0x0000000020000000        0x4 ./Src/handler.o
                0x0000000020000000                odr
 .data.rcc_d    0x0000000020000004        0x4 ./Src/main.o
                0x0000000020000004                rcc_d
 .data.mode     0x0000000020000008        0x4 ./Src/main.o
                0x0000000020000008                mode
 .data._impure_ptr
                0x000000002000000c        0x4 /opt/st/stm32cubeide_1.8.0/plugins/com.st.stm32cube.ide.mcu.externaltools.gnu-tools-for-stm32.9-2020-q2-update.linux64_2.0.0.202105311346/tools/bin/../lib/gcc/arm-none-eabi/9.3.1/../../../../arm-none-eabi/lib/thumb/v7e-m/nofp/libc_nano.a(lib_a-impure.o)
                0x000000002000000c                _impure_ptr
 .data.impure_data
                0x0000000020000010       0x60 /opt/st/stm32cubeide_1.8.0/plugins/com.st.stm32cube.ide.mcu.externaltools.gnu-tools-for-stm32.9-2020-q2-update.linux64_2.0.0.202105311346/tools/bin/../lib/gcc/arm-none-eabi/9.3.1/../../../../arm-none-eabi/lib/thumb/v7e-m/nofp/libc_nano.a(lib_a-impure.o)
 *(.RamFunc)
 *(.RamFunc*)
                0x0000000020000070                . = ALIGN (0x4)
                0x0000000020000070                _edata = .
                0x0000000008002614                _siccmram = LOADADDR (.ccmram)

.igot.plt       0x0000000020000070        0x0 load address 0x0000000008002614
 .igot.plt      0x0000000020000070        0x0 /opt/st/stm32cubeide_1.8.0/plugins/com.st.stm32cube.ide.mcu.externaltools.gnu-tools-for-stm32.9-2020-q2-update.linux64_2.0.0.202105311346/tools/bin/../lib/gcc/arm-none-eabi/9.3.1/thumb/v7e-m/nofp/crtbegin.o

.ccmram         0x0000000010000000        0x0 load address 0x0000000008002614
                0x0000000010000000                . = ALIGN (0x4)
                0x0000000010000000                _sccmram = .
 *(.ccmram)
 *(.ccmram*)
                0x0000000010000000                . = ALIGN (0x4)
                0x0000000010000000                _eccmram = .
                0x0000000010000000                . = ALIGN (0x4)

.bss            0x0000000020000070       0x3c
                0x0000000020000070                _sbss = .
                0x0000000020000070                __bss_start__ = _sbss
 *(.bss)
 .bss           0x0000000020000070       0x1c /opt/st/stm32cubeide_1.8.0/plugins/com.st.stm32cube.ide.mcu.externaltools.gnu-tools-for-stm32.9-2020-q2-update.linux64_2.0.0.202105311346/tools/bin/../lib/gcc/arm-none-eabi/9.3.1/thumb/v7e-m/nofp/crtbegin.o
 *(.bss*)
 .bss.__sbrk_heap_end
                0x000000002000008c        0x4 ./Src/sysmem.o
 .bss._ZN12_GLOBAL__N_113__new_handlerE
                0x0000000020000090        0x4 /opt/st/stm32cubeide_1.8.0/plugins/com.st.stm32cube.ide.mcu.externaltools.gnu-tools-for-stm32.9-2020-q2-update.linux64_2.0.0.202105311346/tools/bin/../lib/gcc/arm-none-eabi/9.3.1/../../../../arm-none-eabi/lib/thumb/v7e-m/nofp/libstdc++_nano.a(new_handler.o)
 .bss.__malloc_free_list
                0x0000000020000094        0x4 /opt/st/stm32cubeide_1.8.0/plugins/com.st.stm32cube.ide.mcu.externaltools.gnu-tools-for-stm32.9-2020-q2-update.linux64_2.0.0.202105311346/tools/bin/../lib/gcc/arm-none-eabi/9.3.1/../../../../arm-none-eabi/lib/thumb/v7e-m/nofp/libc_nano.a(lib_a-nano-mallocr.o)
                0x0000000020000094                __malloc_free_list
 .bss.__malloc_sbrk_start
                0x0000000020000098        0x4 /opt/st/stm32cubeide_1.8.0/plugins/com.st.stm32cube.ide.mcu.externaltools.gnu-tools-for-stm32.9-2020-q2-update.linux64_2.0.0.202105311346/tools/bin/../lib/gcc/arm-none-eabi/9.3.1/../../../../arm-none-eabi/lib/thumb/v7e-m/nofp/libc_nano.a(lib_a-nano-mallocr.o)
                0x0000000020000098                __malloc_sbrk_start
 *(COMMON)
 COMMON         0x000000002000009c        0x9 /opt/st/stm32cubeide_1.8.0/plugins/com.st.stm32cube.ide.mcu.externaltools.gnu-tools-for-stm32.9-2020-q2-update.linux64_2.0.0.202105311346/tools/bin/../lib/gcc/arm-none-eabi/9.3.1/../../../../arm-none-eabi/lib/thumb/v7e-m/nofp/libc_nano.a(lib_a-lock.o)
                0x000000002000009c                __lock___atexit_recursive_mutex
                0x000000002000009d                __lock___arc4random_mutex
                0x000000002000009e                __lock___env_recursive_mutex
                0x000000002000009f                __lock___sinit_recursive_mutex
                0x00000000200000a0                __lock___malloc_recursive_mutex
                0x00000000200000a1                __lock___at_quick_exit_mutex
                0x00000000200000a2                __lock___dd_hash_mutex
                0x00000000200000a3                __lock___tz_mutex
                0x00000000200000a4                __lock___sfp_recursive_mutex
 *fill*         0x00000000200000a5        0x3 
 COMMON         0x00000000200000a8        0x4 /opt/st/stm32cubeide_1.8.0/plugins/com.st.stm32cube.ide.mcu.externaltools.gnu-tools-for-stm32.9-2020-q2-update.linux64_2.0.0.202105311346/tools/bin/../lib/gcc/arm-none-eabi/9.3.1/../../../../arm-none-eabi/lib/thumb/v7e-m/nofp/libc_nano.a(lib_a-reent.o)
                0x00000000200000a8                errno
                0x00000000200000ac                . = ALIGN (0x4)
                0x00000000200000ac                _ebss = .
                0x00000000200000ac                __bss_end__ = _ebss

._user_heap_stack
                0x00000000200000ac      0x604
                0x00000000200000b0                . = ALIGN (0x8)
 *fill*         0x00000000200000ac        0x4 
                [!provide]                        PROVIDE (end = .)
                0x00000000200000b0                PROVIDE (_end = .)
                0x00000000200002b0                . = (. + _Min_Heap_Size)
 *fill*         0x00000000200000b0      0x200 
                0x00000000200006b0                . = (. + _Min_Stack_Size)
 *fill*         0x00000000200002b0      0x400 
                0x00000000200006b0                . = ALIGN (0x8)

/DISCARD/
 libc.a(*)
 libm.a(*)
 libgcc.a(*)

.ARM.attributes
                0x0000000000000000       0x2a
 *(.ARM.attributes)
 .ARM.attributes
                0x0000000000000000       0x1e /opt/st/stm32cubeide_1.8.0/plugins/com.st.stm32cube.ide.mcu.externaltools.gnu-tools-for-stm32.9-2020-q2-update.linux64_2.0.0.202105311346/tools/bin/../lib/gcc/arm-none-eabi/9.3.1/thumb/v7e-m/nofp/crti.o
 .ARM.attributes
                0x000000000000001e       0x2e /opt/st/stm32cubeide_1.8.0/plugins/com.st.stm32cube.ide.mcu.externaltools.gnu-tools-for-stm32.9-2020-q2-update.linux64_2.0.0.202105311346/tools/bin/../lib/gcc/arm-none-eabi/9.3.1/thumb/v7e-m/nofp/crtbegin.o
 .ARM.attributes
                0x000000000000004c       0x2e ./Src/faults.o
 .ARM.attributes
                0x000000000000007a       0x2e ./Src/handler.o
 .ARM.attributes
                0x00000000000000a8       0x2e ./Src/main.o
 .ARM.attributes
                0x00000000000000d6       0x2e ./Src/scb.o
 .ARM.attributes
                0x0000000000000104       0x2e ./Src/syscalls.o
 .ARM.attributes
                0x0000000000000132       0x2e ./Src/sysmem.o
 .ARM.attributes
                0x0000000000000160       0x2e ./Src/systick.o
 .ARM.attributes
                0x000000000000018e       0x21 ./Startup/startup_stm32f407vgtx.o
 .ARM.attributes
                0x00000000000001af       0x2e /opt/st/stm32cubeide_1.8.0/plugins/com.st.stm32cube.ide.mcu.externaltools.gnu-tools-for-stm32.9-2020-q2-update.linux64_2.0.0.202105311346/tools/bin/../lib/gcc/arm-none-eabi/9.3.1/../../../../arm-none-eabi/lib/thumb/v7e-m/nofp/libstdc++_nano.a(del_op.o)
 .ARM.attributes
                0x00000000000001dd       0x2e /opt/st/stm32cubeide_1.8.0/plugins/com.st.stm32cube.ide.mcu.externaltools.gnu-tools-for-stm32.9-2020-q2-update.linux64_2.0.0.202105311346/tools/bin/../lib/gcc/arm-none-eabi/9.3.1/../../../../arm-none-eabi/lib/thumb/v7e-m/nofp/libstdc++_nano.a(new_op.o)
 .ARM.attributes
                0x000000000000020b       0x2e /opt/st/stm32cubeide_1.8.0/plugins/com.st.stm32cube.ide.mcu.externaltools.gnu-tools-for-stm32.9-2020-q2-update.linux64_2.0.0.202105311346/tools/bin/../lib/gcc/arm-none-eabi/9.3.1/../../../../arm-none-eabi/lib/thumb/v7e-m/nofp/libstdc++_nano.a(functexcept.o)
 .ARM.attributes
                0x0000000000000239       0x2e /opt/st/stm32cubeide_1.8.0/plugins/com.st.stm32cube.ide.mcu.externaltools.gnu-tools-for-stm32.9-2020-q2-update.linux64_2.0.0.202105311346/tools/bin/../lib/gcc/arm-none-eabi/9.3.1/../../../../arm-none-eabi/lib/thumb/v7e-m/nofp/libstdc++_nano.a(new_handler.o)
 .ARM.attributes
                0x0000000000000267       0x2e /opt/st/stm32cubeide_1.8.0/plugins/com.st.stm32cube.ide.mcu.externaltools.gnu-tools-for-stm32.9-2020-q2-update.linux64_2.0.0.202105311346/tools/bin/../lib/gcc/arm-none-eabi/9.3.1/../../../../arm-none-eabi/lib/thumb/v7e-m/nofp/libc_nano.a(lib_a-abort.o)
 .ARM.attributes
                0x0000000000000295       0x2e /opt/st/stm32cubeide_1.8.0/plugins/com.st.stm32cube.ide.mcu.externaltools.gnu-tools-for-stm32.9-2020-q2-update.linux64_2.0.0.202105311346/tools/bin/../lib/gcc/arm-none-eabi/9.3.1/../../../../arm-none-eabi/lib/thumb/v7e-m/nofp/libc_nano.a(lib_a-errno.o)
 .ARM.attributes
                0x00000000000002c3       0x2e /opt/st/stm32cubeide_1.8.0/plugins/com.st.stm32cube.ide.mcu.externaltools.gnu-tools-for-stm32.9-2020-q2-update.linux64_2.0.0.202105311346/tools/bin/../lib/gcc/arm-none-eabi/9.3.1/../../../../arm-none-eabi/lib/thumb/v7e-m/nofp/libc_nano.a(lib_a-impure.o)
 .ARM.attributes
                0x00000000000002f1       0x2e /opt/st/stm32cubeide_1.8.0/plugins/com.st.stm32cube.ide.mcu.externaltools.gnu-tools-for-stm32.9-2020-q2-update.linux64_2.0.0.202105311346/tools/bin/../lib/gcc/arm-none-eabi/9.3.1/../../../../arm-none-eabi/lib/thumb/v7e-m/nofp/libc_nano.a(lib_a-init.o)
 .ARM.attributes
                0x000000000000031f       0x2e /opt/st/stm32cubeide_1.8.0/plugins/com.st.stm32cube.ide.mcu.externaltools.gnu-tools-for-stm32.9-2020-q2-update.linux64_2.0.0.202105311346/tools/bin/../lib/gcc/arm-none-eabi/9.3.1/../../../../arm-none-eabi/lib/thumb/v7e-m/nofp/libc_nano.a(lib_a-malloc.o)
 .ARM.attributes
                0x000000000000034d       0x2e /opt/st/stm32cubeide_1.8.0/plugins/com.st.stm32cube.ide.mcu.externaltools.gnu-tools-for-stm32.9-2020-q2-update.linux64_2.0.0.202105311346/tools/bin/../lib/gcc/arm-none-eabi/9.3.1/../../../../arm-none-eabi/lib/thumb/v7e-m/nofp/libc_nano.a(lib_a-memmove.o)
 .ARM.attributes
                0x000000000000037b       0x2e /opt/st/stm32cubeide_1.8.0/plugins/com.st.stm32cube.ide.mcu.externaltools.gnu-tools-for-stm32.9-2020-q2-update.linux64_2.0.0.202105311346/tools/bin/../lib/gcc/arm-none-eabi/9.3.1/../../../../arm-none-eabi/lib/thumb/v7e-m/nofp/libc_nano.a(lib_a-memset.o)
 .ARM.attributes
                0x00000000000003a9       0x2e /opt/st/stm32cubeide_1.8.0/plugins/com.st.stm32cube.ide.mcu.externaltools.gnu-tools-for-stm32.9-2020-q2-update.linux64_2.0.0.202105311346/tools/bin/../lib/gcc/arm-none-eabi/9.3.1/../../../../arm-none-eabi/lib/thumb/v7e-m/nofp/libc_nano.a(lib_a-nano-freer.o)
 .ARM.attributes
                0x00000000000003d7       0x2e /opt/st/stm32cubeide_1.8.0/plugins/com.st.stm32cube.ide.mcu.externaltools.gnu-tools-for-stm32.9-2020-q2-update.linux64_2.0.0.202105311346/tools/bin/../lib/gcc/arm-none-eabi/9.3.1/../../../../arm-none-eabi/lib/thumb/v7e-m/nofp/libc_nano.a(lib_a-nano-mallocr.o)
 .ARM.attributes
                0x0000000000000405       0x2e /opt/st/stm32cubeide_1.8.0/plugins/com.st.stm32cube.ide.mcu.externaltools.gnu-tools-for-stm32.9-2020-q2-update.linux64_2.0.0.202105311346/tools/bin/../lib/gcc/arm-none-eabi/9.3.1/../../../../arm-none-eabi/lib/thumb/v7e-m/nofp/libc_nano.a(lib_a-printf.o)
 .ARM.attributes
                0x0000000000000433       0x2e /opt/st/stm32cubeide_1.8.0/plugins/com.st.stm32cube.ide.mcu.externaltools.gnu-tools-for-stm32.9-2020-q2-update.linux64_2.0.0.202105311346/tools/bin/../lib/gcc/arm-none-eabi/9.3.1/../../../../arm-none-eabi/lib/thumb/v7e-m/nofp/libc_nano.a(lib_a-puts.o)
 .ARM.attributes
                0x0000000000000461       0x2e /opt/st/stm32cubeide_1.8.0/plugins/com.st.stm32cube.ide.mcu.externaltools.gnu-tools-for-stm32.9-2020-q2-update.linux64_2.0.0.202105311346/tools/bin/../lib/gcc/arm-none-eabi/9.3.1/../../../../arm-none-eabi/lib/thumb/v7e-m/nofp/libc_nano.a(lib_a-sbrkr.o)
 .ARM.attributes
                0x000000000000048f       0x2e /opt/st/stm32cubeide_1.8.0/plugins/com.st.stm32cube.ide.mcu.externaltools.gnu-tools-for-stm32.9-2020-q2-update.linux64_2.0.0.202105311346/tools/bin/../lib/gcc/arm-none-eabi/9.3.1/../../../../arm-none-eabi/lib/thumb/v7e-m/nofp/libc_nano.a(lib_a-signal.o)
 .ARM.attributes
                0x00000000000004bd       0x2e /opt/st/stm32cubeide_1.8.0/plugins/com.st.stm32cube.ide.mcu.externaltools.gnu-tools-for-stm32.9-2020-q2-update.linux64_2.0.0.202105311346/tools/bin/../lib/gcc/arm-none-eabi/9.3.1/../../../../arm-none-eabi/lib/thumb/v7e-m/nofp/libc_nano.a(lib_a-signalr.o)
 .ARM.attributes
                0x00000000000004eb       0x2e /opt/st/stm32cubeide_1.8.0/plugins/com.st.stm32cube.ide.mcu.externaltools.gnu-tools-for-stm32.9-2020-q2-update.linux64_2.0.0.202105311346/tools/bin/../lib/gcc/arm-none-eabi/9.3.1/../../../../arm-none-eabi/lib/thumb/v7e-m/nofp/libc_nano.a(lib_a-wbuf.o)
 .ARM.attributes
                0x0000000000000519       0x2e /opt/st/stm32cubeide_1.8.0/plugins/com.st.stm32cube.ide.mcu.externaltools.gnu-tools-for-stm32.9-2020-q2-update.linux64_2.0.0.202105311346/tools/bin/../lib/gcc/arm-none-eabi/9.3.1/../../../../arm-none-eabi/lib/thumb/v7e-m/nofp/libc_nano.a(lib_a-wsetup.o)
 .ARM.attributes
                0x0000000000000547       0x2e /opt/st/stm32cubeide_1.8.0/plugins/com.st.stm32cube.ide.mcu.externaltools.gnu-tools-for-stm32.9-2020-q2-update.linux64_2.0.0.202105311346/tools/bin/../lib/gcc/arm-none-eabi/9.3.1/../../../../arm-none-eabi/lib/thumb/v7e-m/nofp/libc_nano.a(lib_a-fflush.o)
 .ARM.attributes
                0x0000000000000575       0x2e /opt/st/stm32cubeide_1.8.0/plugins/com.st.stm32cube.ide.mcu.externaltools.gnu-tools-for-stm32.9-2020-q2-update.linux64_2.0.0.202105311346/tools/bin/../lib/gcc/arm-none-eabi/9.3.1/../../../../arm-none-eabi/lib/thumb/v7e-m/nofp/libc_nano.a(lib_a-findfp.o)
 .ARM.attributes
                0x00000000000005a3       0x2e /opt/st/stm32cubeide_1.8.0/plugins/com.st.stm32cube.ide.mcu.externaltools.gnu-tools-for-stm32.9-2020-q2-update.linux64_2.0.0.202105311346/tools/bin/../lib/gcc/arm-none-eabi/9.3.1/../../../../arm-none-eabi/lib/thumb/v7e-m/nofp/libc_nano.a(lib_a-fwalk.o)
 .ARM.attributes
                0x00000000000005d1       0x2e /opt/st/stm32cubeide_1.8.0/plugins/com.st.stm32cube.ide.mcu.externaltools.gnu-tools-for-stm32.9-2020-q2-update.linux64_2.0.0.202105311346/tools/bin/../lib/gcc/arm-none-eabi/9.3.1/../../../../arm-none-eabi/lib/thumb/v7e-m/nofp/libc_nano.a(lib_a-lock.o)
 .ARM.attributes
                0x00000000000005ff       0x2e /opt/st/stm32cubeide_1.8.0/plugins/com.st.stm32cube.ide.mcu.externaltools.gnu-tools-for-stm32.9-2020-q2-update.linux64_2.0.0.202105311346/tools/bin/../lib/gcc/arm-none-eabi/9.3.1/../../../../arm-none-eabi/lib/thumb/v7e-m/nofp/libc_nano.a(lib_a-makebuf.o)
 .ARM.attributes
                0x000000000000062d       0x2e /opt/st/stm32cubeide_1.8.0/plugins/com.st.stm32cube.ide.mcu.externaltools.gnu-tools-for-stm32.9-2020-q2-update.linux64_2.0.0.202105311346/tools/bin/../lib/gcc/arm-none-eabi/9.3.1/../../../../arm-none-eabi/lib/thumb/v7e-m/nofp/libc_nano.a(lib_a-mlock.o)
 .ARM.attributes
                0x000000000000065b       0x2e /opt/st/stm32cubeide_1.8.0/plugins/com.st.stm32cube.ide.mcu.externaltools.gnu-tools-for-stm32.9-2020-q2-update.linux64_2.0.0.202105311346/tools/bin/../lib/gcc/arm-none-eabi/9.3.1/../../../../arm-none-eabi/lib/thumb/v7e-m/nofp/libc_nano.a(lib_a-nano-vfprintf.o)
 .ARM.attributes
                0x0000000000000689       0x2e /opt/st/stm32cubeide_1.8.0/plugins/com.st.stm32cube.ide.mcu.externaltools.gnu-tools-for-stm32.9-2020-q2-update.linux64_2.0.0.202105311346/tools/bin/../lib/gcc/arm-none-eabi/9.3.1/../../../../arm-none-eabi/lib/thumb/v7e-m/nofp/libc_nano.a(lib_a-nano-vfprintf_i.o)
 .ARM.attributes
                0x00000000000006b7       0x2e /opt/st/stm32cubeide_1.8.0/plugins/com.st.stm32cube.ide.mcu.externaltools.gnu-tools-for-stm32.9-2020-q2-update.linux64_2.0.0.202105311346/tools/bin/../lib/gcc/arm-none-eabi/9.3.1/../../../../arm-none-eabi/lib/thumb/v7e-m/nofp/libc_nano.a(lib_a-reent.o)
 .ARM.attributes
                0x00000000000006e5       0x2e /opt/st/stm32cubeide_1.8.0/plugins/com.st.stm32cube.ide.mcu.externaltools.gnu-tools-for-stm32.9-2020-q2-update.linux64_2.0.0.202105311346/tools/bin/../lib/gcc/arm-none-eabi/9.3.1/../../../../arm-none-eabi/lib/thumb/v7e-m/nofp/libc_nano.a(lib_a-stdio.o)
 .ARM.attributes
                0x0000000000000713       0x2e /opt/st/stm32cubeide_1.8.0/plugins/com.st.stm32cube.ide.mcu.externaltools.gnu-tools-for-stm32.9-2020-q2-update.linux64_2.0.0.202105311346/tools/bin/../lib/gcc/arm-none-eabi/9.3.1/../../../../arm-none-eabi/lib/thumb/v7e-m/nofp/libc_nano.a(lib_a-writer.o)
 .ARM.attributes
                0x0000000000000741       0x2e /opt/st/stm32cubeide_1.8.0/plugins/com.st.stm32cube.ide.mcu.externaltools.gnu-tools-for-stm32.9-2020-q2-update.linux64_2.0.0.202105311346/tools/bin/../lib/gcc/arm-none-eabi/9.3.1/../../../../arm-none-eabi/lib/thumb/v7e-m/nofp/libc_nano.a(lib_a-closer.o)
 .ARM.attributes
                0x000000000000076f       0x2e /opt/st/stm32cubeide_1.8.0/plugins/com.st.stm32cube.ide.mcu.externaltools.gnu-tools-for-stm32.9-2020-q2-update.linux64_2.0.0.202105311346/tools/bin/../lib/gcc/arm-none-eabi/9.3.1/../../../../arm-none-eabi/lib/thumb/v7e-m/nofp/libc_nano.a(lib_a-fstatr.o)
 .ARM.attributes
                0x000000000000079d       0x2e /opt/st/stm32cubeide_1.8.0/plugins/com.st.stm32cube.ide.mcu.externaltools.gnu-tools-for-stm32.9-2020-q2-update.linux64_2.0.0.202105311346/tools/bin/../lib/gcc/arm-none-eabi/9.3.1/../../../../arm-none-eabi/lib/thumb/v7e-m/nofp/libc_nano.a(lib_a-isattyr.o)
 .ARM.attributes
                0x00000000000007cb       0x2e /opt/st/stm32cubeide_1.8.0/plugins/com.st.stm32cube.ide.mcu.externaltools.gnu-tools-for-stm32.9-2020-q2-update.linux64_2.0.0.202105311346/tools/bin/../lib/gcc/arm-none-eabi/9.3.1/../../../../arm-none-eabi/lib/thumb/v7e-m/nofp/libc_nano.a(lib_a-lseekr.o)
 .ARM.attributes
                0x00000000000007f9       0x1c /opt/st/stm32cubeide_1.8.0/plugins/com.st.stm32cube.ide.mcu.externaltools.gnu-tools-for-stm32.9-2020-q2-update.linux64_2.0.0.202105311346/tools/bin/../lib/gcc/arm-none-eabi/9.3.1/../../../../arm-none-eabi/lib/thumb/v7e-m/nofp/libc_nano.a(lib_a-memchr.o)
 .ARM.attributes
                0x0000000000000815       0x2e /opt/st/stm32cubeide_1.8.0/plugins/com.st.stm32cube.ide.mcu.externaltools.gnu-tools-for-stm32.9-2020-q2-update.linux64_2.0.0.202105311346/tools/bin/../lib/gcc/arm-none-eabi/9.3.1/../../../../arm-none-eabi/lib/thumb/v7e-m/nofp/libc_nano.a(lib_a-readr.o)
 .ARM.attributes
                0x0000000000000843       0x1e /opt/st/stm32cubeide_1.8.0/plugins/com.st.stm32cube.ide.mcu.externaltools.gnu-tools-for-stm32.9-2020-q2-update.linux64_2.0.0.202105311346/tools/bin/../lib/gcc/arm-none-eabi/9.3.1/thumb/v7e-m/nofp/crtn.o
OUTPUT(SystemControlBlock.elf elf32-littlearm)
LOAD linker stubs
LOAD /opt/st/stm32cubeide_1.8.0/plugins/com.st.stm32cube.ide.mcu.externaltools.gnu-tools-for-stm32.9-2020-q2-update.linux64_2.0.0.202105311346/tools/bin/../lib/gcc/arm-none-eabi/9.3.1/../../../../arm-none-eabi/lib/thumb/v7e-m/nofp/libc.a
LOAD /opt/st/stm32cubeide_1.8.0/plugins/com.st.stm32cube.ide.mcu.externaltools.gnu-tools-for-stm32.9-2020-q2-update.linux64_2.0.0.202105311346/tools/bin/../lib/gcc/arm-none-eabi/9.3.1/../../../../arm-none-eabi/lib/thumb/v7e-m/nofp/libm.a
LOAD /opt/st/stm32cubeide_1.8.0/plugins/com.st.stm32cube.ide.mcu.externaltools.gnu-tools-for-stm32.9-2020-q2-update.linux64_2.0.0.202105311346/tools/bin/../lib/gcc/arm-none-eabi/9.3.1/thumb/v7e-m/nofp/libgcc.a

.debug_info     0x0000000000000000     0xc505
 .debug_info    0x0000000000000000      0xa11 ./Src/faults.o
 .debug_info    0x0000000000000a11      0x98f ./Src/handler.o
 .debug_info    0x00000000000013a0     0x91bc ./Src/main.o
 .debug_info    0x000000000000a55c      0x2c7 ./Src/scb.o
 .debug_info    0x000000000000a823      0xff9 ./Src/syscalls.o
 .debug_info    0x000000000000b81c      0xa25 ./Src/sysmem.o
 .debug_info    0x000000000000c241      0x2a2 ./Src/systick.o
 .debug_info    0x000000000000c4e3       0x22 ./Startup/startup_stm32f407vgtx.o

.debug_abbrev   0x0000000000000000     0x14f5
 .debug_abbrev  0x0000000000000000      0x1c7 ./Src/faults.o
 .debug_abbrev  0x00000000000001c7      0x1c7 ./Src/handler.o
 .debug_abbrev  0x000000000000038e      0xaa3 ./Src/main.o
 .debug_abbrev  0x0000000000000e31      0x111 ./Src/scb.o
 .debug_abbrev  0x0000000000000f42      0x2b1 ./Src/syscalls.o
 .debug_abbrev  0x00000000000011f3      0x1bf ./Src/sysmem.o
 .debug_abbrev  0x00000000000013b2      0x131 ./Src/systick.o
 .debug_abbrev  0x00000000000014e3       0x12 ./Startup/startup_stm32f407vgtx.o

.debug_aranges  0x0000000000000000      0x430
 .debug_aranges
                0x0000000000000000       0x48 ./Src/faults.o
 .debug_aranges
                0x0000000000000048       0x28 ./Src/handler.o
 .debug_aranges
                0x0000000000000070      0x258 ./Src/main.o
 .debug_aranges
                0x00000000000002c8       0x38 ./Src/scb.o
 .debug_aranges
                0x0000000000000300       0xb0 ./Src/syscalls.o
 .debug_aranges
                0x00000000000003b0       0x20 ./Src/sysmem.o
 .debug_aranges
                0x00000000000003d0       0x38 ./Src/systick.o
 .debug_aranges
                0x0000000000000408       0x28 ./Startup/startup_stm32f407vgtx.o

.debug_ranges   0x0000000000000000      0x3b8
 .debug_ranges  0x0000000000000000       0x38 ./Src/faults.o
 .debug_ranges  0x0000000000000038       0x18 ./Src/handler.o
 .debug_ranges  0x0000000000000050      0x248 ./Src/main.o
 .debug_ranges  0x0000000000000298       0x28 ./Src/scb.o
 .debug_ranges  0x00000000000002c0       0xa0 ./Src/syscalls.o
 .debug_ranges  0x0000000000000360       0x10 ./Src/sysmem.o
 .debug_ranges  0x0000000000000370       0x28 ./Src/systick.o
 .debug_ranges  0x0000000000000398       0x20 ./Startup/startup_stm32f407vgtx.o

.debug_macro    0x0000000000000000     0x548e
 .debug_macro   0x0000000000000000      0x1a9 ./Src/faults.o
 .debug_macro   0x00000000000001a9      0xb7a ./Src/faults.o
 .debug_macro   0x0000000000000d23       0x22 ./Src/faults.o
 .debug_macro   0x0000000000000d45       0x4c ./Src/faults.o
 .debug_macro   0x0000000000000d91       0x18 ./Src/faults.o
 .debug_macro   0x0000000000000da9       0x94 ./Src/faults.o
 .debug_macro   0x0000000000000e3d       0x3c ./Src/faults.o
 .debug_macro   0x0000000000000e79       0x34 ./Src/faults.o
 .debug_macro   0x0000000000000ead       0x16 ./Src/faults.o
 .debug_macro   0x0000000000000ec3       0x57 ./Src/faults.o
 .debug_macro   0x0000000000000f1a       0x97 ./Src/faults.o
 .debug_macro   0x0000000000000fb1      0x35c ./Src/faults.o
 .debug_macro   0x000000000000130d      0x104 ./Src/faults.o
 .debug_macro   0x0000000000001411       0x10 ./Src/faults.o
 .debug_macro   0x0000000000001421       0x16 ./Src/faults.o
 .debug_macro   0x0000000000001437       0x43 ./Src/faults.o
 .debug_macro   0x000000000000147a       0x34 ./Src/faults.o
 .debug_macro   0x00000000000014ae       0x10 ./Src/faults.o
 .debug_macro   0x00000000000014be       0x58 ./Src/faults.o
 .debug_macro   0x0000000000001516       0x71 ./Src/faults.o
 .debug_macro   0x0000000000001587       0x16 ./Src/faults.o
 .debug_macro   0x000000000000159d      0x12a ./Src/faults.o
 .debug_macro   0x00000000000016c7       0x10 ./Src/faults.o
 .debug_macro   0x00000000000016d7       0x6a ./Src/faults.o
 .debug_macro   0x0000000000001741       0x1c ./Src/faults.o
 .debug_macro   0x000000000000175d       0x52 ./Src/faults.o
 .debug_macro   0x00000000000017af       0x22 ./Src/faults.o
 .debug_macro   0x00000000000017d1       0x10 ./Src/faults.o
 .debug_macro   0x00000000000017e1       0x40 ./Src/faults.o
 .debug_macro   0x0000000000001821       0xd5 ./Src/faults.o
 .debug_macro   0x00000000000018f6       0x1c ./Src/faults.o
 .debug_macro   0x0000000000001912       0x3d ./Src/faults.o
 .debug_macro   0x000000000000194f       0x16 ./Src/faults.o
 .debug_macro   0x0000000000001965      0x137 ./Src/faults.o
 .debug_macro   0x0000000000001a9c      0x1cc ./Src/handler.o
 .debug_macro   0x0000000000001c68       0x1c ./Src/handler.o
 .debug_macro   0x0000000000001c84       0x8e ./Src/handler.o
 .debug_macro   0x0000000000001d12       0x51 ./Src/handler.o
 .debug_macro   0x0000000000001d63      0x103 ./Src/handler.o
 .debug_macro   0x0000000000001e66      0x1df ./Src/handler.o
 .debug_macro   0x0000000000002045       0x52 ./Src/handler.o
 .debug_macro   0x0000000000002097      0x616 ./Src/main.o
 .debug_macro   0x00000000000026ad      0x17c ./Src/main.o
 .debug_macro   0x0000000000002829       0x10 ./Src/main.o
 .debug_macro   0x0000000000002839      0x41e ./Src/main.o
 .debug_macro   0x0000000000002c57       0x28 ./Src/main.o
 .debug_macro   0x0000000000002c7f       0x41 ./Src/main.o
 .debug_macro   0x0000000000002cc0       0x12 ./Src/main.o
 .debug_macro   0x0000000000002cd2       0x27 ./Src/main.o
 .debug_macro   0x0000000000002cf9       0x1c ./Src/main.o
 .debug_macro   0x0000000000002d15       0x18 ./Src/main.o
 .debug_macro   0x0000000000002d2d       0x6e ./Src/main.o
 .debug_macro   0x0000000000002d9b       0x2e ./Src/main.o
 .debug_macro   0x0000000000002dc9       0x19 ./Src/main.o
 .debug_macro   0x0000000000002de2       0x88 ./Src/main.o
 .debug_macro   0x0000000000002e6a       0x19 ./Src/main.o
 .debug_macro   0x0000000000002e83       0x10 ./Src/main.o
 .debug_macro   0x0000000000002e93       0x16 ./Src/main.o
 .debug_macro   0x0000000000002ea9       0x35 ./Src/main.o
 .debug_macro   0x0000000000002ede       0x16 ./Src/main.o
 .debug_macro   0x0000000000002ef4       0x29 ./Src/main.o
 .debug_macro   0x0000000000002f1d       0x1c ./Src/main.o
 .debug_macro   0x0000000000002f39       0xde ./Src/main.o
 .debug_macro   0x0000000000003017       0x10 ./Src/main.o
 .debug_macro   0x0000000000003027      0x120 ./Src/main.o
 .debug_macro   0x0000000000003147       0x22 ./Src/main.o
 .debug_macro   0x0000000000003169       0x3c ./Src/main.o
 .debug_macro   0x00000000000031a5       0x26 ./Src/main.o
 .debug_macro   0x00000000000031cb      0x173 ./Src/main.o
 .debug_macro   0x000000000000333e       0x17 ./Src/main.o
 .debug_macro   0x0000000000003355       0x10 ./Src/main.o
 .debug_macro   0x0000000000003365       0x5e ./Src/main.o
 .debug_macro   0x00000000000033c3       0x16 ./Src/main.o
 .debug_macro   0x00000000000033d9       0x52 ./Src/main.o
 .debug_macro   0x000000000000342b       0x5e ./Src/main.o
 .debug_macro   0x0000000000003489       0x11 ./Src/main.o
 .debug_macro   0x000000000000349a       0x11 ./Src/main.o
 .debug_macro   0x00000000000034ab       0x2f ./Src/main.o
 .debug_macro   0x00000000000034da       0x16 ./Src/main.o
 .debug_macro   0x00000000000034f0      0x11d ./Src/main.o
 .debug_macro   0x000000000000360d       0x10 ./Src/main.o
 .debug_macro   0x000000000000361d      0x241 ./Src/main.o
 .debug_macro   0x000000000000385e       0x17 ./Src/main.o
 .debug_macro   0x0000000000003875       0x17 ./Src/main.o
 .debug_macro   0x000000000000388c       0x72 ./Src/scb.o
 .debug_macro   0x00000000000038fe      0x25e ./Src/syscalls.o
 .debug_macro   0x0000000000003b5c      0xaa2 ./Src/syscalls.o
 .debug_macro   0x00000000000045fe       0x34 ./Src/syscalls.o
 .debug_macro   0x0000000000004632      0x174 ./Src/syscalls.o
 .debug_macro   0x00000000000047a6      0x339 ./Src/syscalls.o
 .debug_macro   0x0000000000004adf       0x43 ./Src/syscalls.o
 .debug_macro   0x0000000000004b22       0x1c ./Src/syscalls.o
 .debug_macro   0x0000000000004b3e       0x10 ./Src/syscalls.o
 .debug_macro   0x0000000000004b4e       0x35 ./Src/syscalls.o
 .debug_macro   0x0000000000004b83       0x10 ./Src/syscalls.o
 .debug_macro   0x0000000000004b93       0x10 ./Src/syscalls.o
 .debug_macro   0x0000000000004ba3       0x35 ./Src/syscalls.o
 .debug_macro   0x0000000000004bd8      0x12c ./Src/syscalls.o
 .debug_macro   0x0000000000004d04       0x1c ./Src/syscalls.o
 .debug_macro   0x0000000000004d20       0x10 ./Src/syscalls.o
 .debug_macro   0x0000000000004d30      0x145 ./Src/syscalls.o
 .debug_macro   0x0000000000004e75      0x189 ./Src/syscalls.o
 .debug_macro   0x0000000000004ffe       0x16 ./Src/syscalls.o
 .debug_macro   0x0000000000005014       0xce ./Src/syscalls.o
 .debug_macro   0x00000000000050e2       0xff ./Src/sysmem.o
 .debug_macro   0x00000000000051e1      0x23b ./Src/sysmem.o
 .debug_macro   0x000000000000541c       0x72 ./Src/systick.o

.debug_line     0x0000000000000000     0x398a
 .debug_line    0x0000000000000000      0x5c5 ./Src/faults.o
 .debug_line    0x00000000000005c5      0x566 ./Src/handler.o
 .debug_line    0x0000000000000b2b     0x1994 ./Src/main.o
 .debug_line    0x00000000000024bf      0x3b8 ./Src/scb.o
 .debug_line    0x0000000000002877      0x805 ./Src/syscalls.o
 .debug_line    0x000000000000307c      0x4c6 ./Src/sysmem.o
 .debug_line    0x0000000000003542      0x3c4 ./Src/systick.o
 .debug_line    0x0000000000003906       0x84 ./Startup/startup_stm32f407vgtx.o

.debug_str      0x0000000000000000    0x179cc
 .debug_str     0x0000000000000000     0x79b3 ./Src/faults.o
                                       0x7be6 (size before relaxing)
 .debug_str     0x00000000000079b3      0x9eb ./Src/handler.o
                                       0x8585 (size before relaxing)
 .debug_str     0x000000000000839e     0xe029 ./Src/main.o
                                      0x16a29 (size before relaxing)
 .debug_str     0x00000000000163c7        0xf ./Src/scb.o
                                       0x42cc (size before relaxing)
 .debug_str     0x00000000000163d6     0x1542 ./Src/syscalls.o
                                       0x8f5d (size before relaxing)
 .debug_str     0x0000000000017918       0x66 ./Src/sysmem.o
                                       0x626b (size before relaxing)
 .debug_str     0x000000000001797e       0x1d ./Src/systick.o
                                       0x4252 (size before relaxing)
 .debug_str     0x000000000001799b       0x31 ./Startup/startup_stm32f407vgtx.o
                                         0x74 (size before relaxing)

.comment        0x0000000000000000       0x53
 .comment       0x0000000000000000       0x53 ./Src/faults.o
                                         0x54 (size before relaxing)
 .comment       0x0000000000000053       0x54 ./Src/handler.o
 .comment       0x0000000000000053       0x54 ./Src/main.o
 .comment       0x0000000000000053       0x54 ./Src/scb.o
 .comment       0x0000000000000053       0x54 ./Src/syscalls.o
 .comment       0x0000000000000053       0x54 ./Src/sysmem.o
 .comment       0x0000000000000053       0x54 ./Src/systick.o

.debug_frame    0x0000000000000000     0x1bd8
 .debug_frame   0x0000000000000000       0xc8 ./Src/faults.o
 .debug_frame   0x00000000000000c8       0x44 ./Src/handler.o
 .debug_frame   0x000000000000010c      0xab0 ./Src/main.o
 .debug_frame   0x0000000000000bbc       0xac ./Src/scb.o
 .debug_frame   0x0000000000000c68      0x2d4 ./Src/syscalls.o
 .debug_frame   0x0000000000000f3c       0x34 ./Src/sysmem.o
 .debug_frame   0x0000000000000f70       0xb0 ./Src/systick.o
 .debug_frame   0x0000000000001020       0x20 /opt/st/stm32cubeide_1.8.0/plugins/com.st.stm32cube.ide.mcu.externaltools.gnu-tools-for-stm32.9-2020-q2-update.linux64_2.0.0.202105311346/tools/bin/../lib/gcc/arm-none-eabi/9.3.1/../../../../arm-none-eabi/lib/thumb/v7e-m/nofp/libstdc++_nano.a(del_op.o)
 .debug_frame   0x0000000000001040       0x28 /opt/st/stm32cubeide_1.8.0/plugins/com.st.stm32cube.ide.mcu.externaltools.gnu-tools-for-stm32.9-2020-q2-update.linux64_2.0.0.202105311346/tools/bin/../lib/gcc/arm-none-eabi/9.3.1/../../../../arm-none-eabi/lib/thumb/v7e-m/nofp/libstdc++_nano.a(new_op.o)