17:51:36 **** Incremental Build of configuration Debug for project Uart ****
make -j12 all 
arm-none-eabi-g++ "../Src/main.cpp" -mcpu=cortex-m4 -std=gnu++14 -g3 -DDEBUG -DSTM32 -DSTM32F4 -DSTM32F407VGTx -c -I../Inc -O0 -ffunction-sections -fdata-sections -fno-exceptions -fno-rtti -fno-use-cxa-atexit -Wall -fstack-usage -MMD -MP -MF"Src/main.d" -MT"Src/main.o" --specs=nano.specs -mfloat-abi=soft -mthumb -o "Src/main.o"
arm-none-eabi-g++ -o "Uart.elf" @"objects.list"   -mcpu=cortex-m4 -T"/home/khorton/Documents/EmbededCppDrivers/Uart/STM32F407VGTX_FLASH.ld" --specs=nosys.specs -Wl,-Map="Uart.map" -Wl,--gc-sections -static --specs=nano.specs -mfloat-abi=soft -mthumb -Wl,--start-group -lc -lm -lstdc++ -lsupc++ -Wl,--end-group
Finished building target: Uart.elf
 
arm-none-eabi-size   Uart.elf 
arm-none-eabi-objdump -h -S  Uart.elf  > "Uart.list"
arm-none-eabi-objcopy  -O binary  Uart.elf  "Uart.bin"
   text	   data	    bss	    dec	    hex	filename
   1980	    120	   1584	   3684	    e64	Uart.elf
Finished building: default.size.stdout
 
Finished building: Uart.bin
 
Finished building: Uart.list
 
17:51:38 **** Incremental Build of configuration Debug for project Uart ****
make -j12 all 
arm-none-eabi-size   Uart.elf 
   text	   data	    bss	    dec	    hex	filename
   1980	    120	   1584	   3684	    e64	Uart.elf
Finished building: default.size.stdout
 
